ARM Linker, 5.03 [Build 76] [MDK-ARM Standard]

==============================================================================

Section Cross References

    startup_lpc12xx.o(RESET) refers to startup_lpc12xx.o(STACK) for __initial_sp
    startup_lpc12xx.o(RESET) refers to startup_lpc12xx.o(.text) for Reset_Handler
    startup_lpc12xx.o(RESET) refers to hal_cm1.o(.emb_text) for SVC_Handler
    startup_lpc12xx.o(RESET) refers to time.o(.text) for TIMER32_0_IRQHandler
    startup_lpc12xx.o(RESET) refers to uart.o(.text) for UART0_IRQHandler
    startup_lpc12xx.o(.text) refers to system_lpc12xx.o(.text) for SystemInit
    startup_lpc12xx.o(.text) refers to entry.o(.ARM.Collect$$$$00000000) for __main
    main.o(.text) refers to system_lpc12xx.o(.text) for SystemInit
    main.o(.text) refers to uart.o(.text) for Uart_Mode_Init
    main.o(.text) refers to time.o(.text) for Timer_Init_MdbSlave
    main.o(.text) refers to hal_cm1.o(.emb_text) for os_set_env
    main.o(.text) refers to mdbslavetask.o(.text) for tsk_MdbSlave
    main.o(.text) refers to rt_task.o(i.rt_tsk_create) for rt_tsk_create
    main.o(.text) refers to main.o(.data) for .data
    main.o(.text) refers to comhosttask.o(.text) for tsk_ComHost
    main.o(.text) refers to ledtask.o(.text) for tsk_Led
    main.o(.text) refers to rt_task.o(i.rt_tsk_delete) for rt_tsk_delete
    main.o(.text) refers to rt_task.o(i.rt_sys_init) for rt_sys_init
    ledtask.o(.text) refers to lpc12xx_gpio.o(.text) for GPIO_GetPinValue
    ledtask.o(.text) refers to uart.o(.data) for u8_MdbSlave_State
    ledtask.o(.text) refers to rt_time.o(i.rt_dly_wait) for rt_dly_wait
    ledtask.o(.text) refers to uart.o(.data) for u8_MdbAddr_Mode
    mdbslavetask.o(.text) refers to uart.o(.text) for Cashless_SetupConfig_Init
    mdbslavetask.o(.text) refers to mdbslavetask.o(i.__ARM_common_switch8) for __ARM_common_switch8
    mdbslavetask.o(.text) refers to uwrite4.o(.text) for __aeabi_uwrite4
    mdbslavetask.o(.text) refers to lpc12xx_uart.o(.text) for UART_ConfigInts
    mdbslavetask.o(.text) refers to main.o(.data) for sem_MdbSlave_Rx
    mdbslavetask.o(.text) refers to rt_semaphore.o(i.rt_sem_init) for rt_sem_init
    mdbslavetask.o(.text) refers to uart.o(.data) for u8_MdbSlave_State
    mdbslavetask.o(.text) refers to uart.o(.data) for u8_ComHost_State
    mdbslavetask.o(.text) refers to uart.o(.bss) for Uart0RxBuff
    mdbslavetask.o(.text) refers to rt_semaphore.o(i.rt_sem_wait) for rt_sem_wait
    mdbslavetask.o(.text) refers to mdbslavetask.o(.constdata) for .constdata
    mdbslavetask.o(.text) refers to main.o(.data) for bl_CardAction
    mdbslavetask.o(.text) refers to main.o(.bss) for p_BeginSession
    mdbslavetask.o(.text) refers to main.o(.data) for u32_Funds
    mdbslavetask.o(.text) refers to main.o(.data) for p_VendApproved
    mdbslavetask.o(.text) refers to main.o(.data) for t16_ItemPrice
    mdbslavetask.o(.text) refers to main.o(.data) for bl_Flag_MPAY_Done
    mdbslavetask.o(.text) refers to main.o(.data) for t16_ItemNuber
    mdbslavetask.o(.text) refers to main.o(.data) for bl_Flag_Vend_Request
    mdbslavetask.o(.text) refers to main.o(.bss) for p_MyPeripheral
    comhosttask.o(.text) refers to mdbslavetask.o(i.__ARM_common_switch8) for __ARM_common_switch8
    comhosttask.o(.text) refers to uart.o(.text) for ComHost_Send
    comhosttask.o(.text) refers to uread4.o(.text) for __aeabi_uread4
    comhosttask.o(.text) refers to uwrite4.o(.text) for __aeabi_uwrite4
    comhosttask.o(.text) refers to uidiv.o(.text) for __aeabi_uidivmod
    comhosttask.o(.text) refers to main.o(.data) for sem_ComHost_Rx
    comhosttask.o(.text) refers to rt_semaphore.o(i.rt_sem_init) for rt_sem_init
    comhosttask.o(.text) refers to main.o(.data) for p_CardPoll
    comhosttask.o(.text) refers to main.o(.bss) for p_VendResult
    comhosttask.o(.text) refers to uart.o(.data) for u8_ComHost_State
    comhosttask.o(.text) refers to rt_time.o(i.rt_dly_wait) for rt_dly_wait
    comhosttask.o(.text) refers to main.o(.data) for bl_Flag_QRcode_Request
    comhosttask.o(.text) refers to main.o(.data) for bl_Flag_MPAY_Done
    comhosttask.o(.text) refers to rt_semaphore.o(i.rt_sem_wait) for rt_sem_wait
    comhosttask.o(.text) refers to uart.o(.bss) for Uart1RxBuff
    comhosttask.o(.text) refers to main.o(.data) for bl_CardAction
    comhosttask.o(.text) refers to main.o(.data) for u32_CardId
    comhosttask.o(.text) refers to main.o(.data) for u32_Funds
    comhosttask.o(.text) refers to uart.o(.data) for u8_MdbSlave_State
    comhosttask.o(.text) refers to main.o(.data) for bl_Flag_Vend_Request
    comhosttask.o(.text) refers to main.o(.bss) for p_CardDebit
    comhosttask.o(.text) refers to main.o(.data) for t16_ItemPrice
    comhosttask.o(.text) refers to main.o(.data) for t16_ItemNuber
    comhosttask.o(.text) refers to lpc12xx_gpio.o(.text) for GPIO_GetPinValue
    comhosttask.o(.text) refers to main.o(.data) for p_CancelResult
    time.o(.text) refers to lpc12xx_timer32.o(.text) for TIM32_Cmd
    time.o(.text) refers to lpc12xx_uart.o(.text) for UART_ConfigInts
    time.o(.text) refers to rt_semaphore.o(i.isr_sem_send) for isr_sem_send
    time.o(.text) refers to lpc12xx_sysctrl.o(.text) for SYS_ConfigAHBCLK
    time.o(.text) refers to main.o(.data) for sem_MdbSlave_Rx
    uart.o(.text) refers to lpc12xx_uart.o(.text) for UART_ConfigInts
    uart.o(.text) refers to rt_semaphore.o(i.isr_sem_send) for isr_sem_send
    uart.o(.text) refers to mdbslavetask.o(i.__ARM_common_switch8) for __ARM_common_switch8
    uart.o(.text) refers to uart.o(.bss) for .bss
    uart.o(.text) refers to uart.o(.data) for .data
    uart.o(.text) refers to main.o(.data) for sem_ComHost_Rx
    uart.o(.text) refers to time.o(.text) for Timer_Stop_MdbSlave
    uart.o(.text) refers to strncpy.o(.text) for strncpy
    uart.o(.text) refers to uwrite4.o(.text) for __aeabi_uwrite4
    uart.o(.text) refers to lpc12xx_iocon.o(.text) for IOCON_StructInit
    uart.o(.text) refers to lpc12xx_gpio.o(.text) for GPIO_SetDir
    uart.o(.text) refers to lpc12xx_sysctrl.o(.text) for SYS_ConfigAHBCLK
    uart.o(.text) refers to main.o(.data) for sem_MdbSlave_Rx
    uart.o(.text) refers to main.o(.bss) for p_MyPeripheral
    uart.o(.text) refers to main.o(.bss) for p_BeginSession
    uart.o(.text) refers to main.o(.data) for u32_CardId
    uart.o(.text) refers to main.o(.data) for u32_Funds
    uart.o(.text) refers to main.o(.data) for bl_CardAction
    uart.o(.text) refers to main.o(.data) for bl_Flag_Vend_Request
    uart.o(.text) refers to main.o(.data) for bl_Flag_QRcode_Request
    uart.o(.text) refers to main.o(.data) for bl_Flag_MPAY_Done
    uart.o(.text) refers to rt_time.o(i.rt_dly_wait) for rt_dly_wait
    lpc12xx_gpio.o(.text) refers to mdbslavetask.o(i.__ARM_common_switch8) for __ARM_common_switch8
    lpc12xx_timer32.o(.text) refers to llmul.o(.text) for __aeabi_lmul
    lpc12xx_timer32.o(.text) refers to uldiv.o(.text) for __aeabi_uldivmod
    lpc12xx_timer32.o(.text) refers to system_lpc12xx.o(.data) for SystemCoreClock
    lpc12xx_uart.o(.text) refers to uidiv.o(.text) for __aeabi_uidivmod
    lpc12xx_uart.o(.text) refers to system_lpc12xx.o(.data) for MainClock
    lpc12xx_uart.o(.text) refers to lpc12xx_uart.o(.bss) for .bss
    system_lpc12xx.o(.text) refers to mdbslavetask.o(i.__ARM_common_switch8) for __ARM_common_switch8
    system_lpc12xx.o(.text) refers to uidiv.o(.text) for __aeabi_uidivmod
    system_lpc12xx.o(.text) refers to system_lpc12xx.o(.data) for .data
    rt_task.o(i.rt_block) refers to rt_list.o(i.rt_put_dly) for rt_put_dly
    rt_task.o(i.rt_block) refers to rt_list.o(i.rt_get_first) for rt_get_first
    rt_task.o(i.rt_block) refers to rt_task.o(i.rt_switch_req) for rt_switch_req
    rt_task.o(i.rt_block) refers to rt_task.o(.data) for .data
    rt_task.o(i.rt_block) refers to rt_list.o(.bss) for os_rdy
    rt_task.o(i.rt_dispatch) refers to rt_list.o(i.rt_put_rdy_first) for rt_put_rdy_first
    rt_task.o(i.rt_dispatch) refers to rt_task.o(i.rt_switch_req) for rt_switch_req
    rt_task.o(i.rt_dispatch) refers to rt_list.o(i.rt_get_first) for rt_get_first
    rt_task.o(i.rt_dispatch) refers to rt_list.o(i.rt_put_prio) for rt_put_prio
    rt_task.o(i.rt_dispatch) refers to rt_task.o(.data) for .data
    rt_task.o(i.rt_dispatch) refers to rt_list.o(.bss) for os_rdy
    rt_task.o(i.rt_init_context) refers to rt_membox.o(i.rt_alloc_box) for rt_alloc_box
    rt_task.o(i.rt_init_context) refers to hal_cm1.o(i.rt_init_stack) for rt_init_stack
    rt_task.o(i.rt_init_context) refers to rtx_conf_cm.o(.bss) for mp_stk
    rt_task.o(i.rt_switch_req) refers to rt_task.o(.data) for .data
    rt_task.o(i.rt_sys_init) refers to rt_membox.o(i._init_box) for _init_box
    rt_task.o(i.rt_sys_init) refers to rt_task.o(i.rt_init_context) for rt_init_context
    rt_task.o(i.rt_sys_init) refers to hal_cm1.o(.emb_text) for rt_set_PSP
    rt_task.o(i.rt_sys_init) refers to rtx_conf_cm.o(.text) for rt_init_robin
    rt_task.o(i.rt_sys_init) refers to rt_system.o(i.os_tick_init) for os_tick_init
    rt_task.o(i.rt_sys_init) refers to rt_task.o(i.rt_tsk_create) for rt_tsk_create
    rt_task.o(i.rt_sys_init) refers to rtx_conf_cm.o(.bss) for os_active_TCB
    rt_task.o(i.rt_sys_init) refers to rtx_conf_cm.o(.constdata) for os_maxtaskrun
    rt_task.o(i.rt_sys_init) refers to rtx_conf_cm.o(.constdata) for mp_tcb_size
    rt_task.o(i.rt_sys_init) refers to rtx_conf_cm.o(.bss) for mp_tcb
    rt_task.o(i.rt_sys_init) refers to rtx_conf_cm.o(.constdata) for os_stackinfo
    rt_task.o(i.rt_sys_init) refers to rtx_conf_cm.o(.constdata) for mp_stk_size
    rt_task.o(i.rt_sys_init) refers to rtx_conf_cm.o(.bss) for mp_stk
    rt_task.o(i.rt_sys_init) refers to rtx_conf_cm.o(.constdata) for mp_tmr_size
    rt_task.o(i.rt_sys_init) refers to rtx_conf_cm.o(.data) for m_tmr
    rt_task.o(i.rt_sys_init) refers to rt_task.o(.bss) for .bss
    rt_task.o(i.rt_sys_init) refers to rt_list.o(.bss) for os_rdy
    rt_task.o(i.rt_sys_init) refers to rt_task.o(.data) for .data
    rt_task.o(i.rt_sys_init) refers to rtx_conf_cm.o(.bss) for os_fifo
    rt_task.o(i.rt_sys_init) refers to rtx_conf_cm.o(.constdata) for os_fifo_size
    rt_task.o(i.rt_sys_init) refers to rt_system.o(.data) for os_tick_irqn
    rt_task.o(i.rt_tsk_create) refers to rt_membox.o(i.rt_alloc_box) for rt_alloc_box
    rt_task.o(i.rt_tsk_create) refers to rt_task.o(i.rt_init_context) for rt_init_context
    rt_task.o(i.rt_tsk_create) refers to rt_task.o(i.rt_dispatch) for rt_dispatch
    rt_task.o(i.rt_tsk_create) refers to rtx_conf_cm.o(.bss) for mp_tcb
    rt_task.o(i.rt_tsk_create) refers to rtx_conf_cm.o(.bss) for os_active_TCB
    rt_task.o(i.rt_tsk_create) refers to rtx_conf_cm.o(.constdata) for os_maxtaskrun
    rt_task.o(i.rt_tsk_create) refers to rt_task.o(.data) for .data
    rt_task.o(i.rt_tsk_delete) refers to hal_cm1.o(.emb_text) for rt_get_PSP
    rt_task.o(i.rt_tsk_delete) refers to rtx_conf_cm.o(.text) for rt_stk_check
    rt_task.o(i.rt_tsk_delete) refers to rt_list.o(i.rt_get_first) for rt_get_first
    rt_task.o(i.rt_tsk_delete) refers to rt_list.o(i.rt_rmv_dly) for rt_rmv_dly
    rt_task.o(i.rt_tsk_delete) refers to rt_list.o(i.rt_put_prio) for rt_put_prio
    rt_task.o(i.rt_tsk_delete) refers to rt_membox.o(i.rt_free_box) for rt_free_box
    rt_task.o(i.rt_tsk_delete) refers to rt_list.o(i.rt_rmv_list) for rt_rmv_list
    rt_task.o(i.rt_tsk_delete) refers to rt_task.o(i.rt_dispatch) for rt_dispatch
    rt_task.o(i.rt_tsk_delete) refers to rt_task.o(.data) for .data
    rt_task.o(i.rt_tsk_delete) refers to rt_list.o(.bss) for os_rdy
    rt_task.o(i.rt_tsk_delete) refers to rtx_conf_cm.o(.bss) for os_active_TCB
    rt_task.o(i.rt_tsk_delete) refers to rtx_conf_cm.o(.bss) for mp_stk
    rt_task.o(i.rt_tsk_delete) refers to rtx_conf_cm.o(.bss) for mp_tcb
    rt_task.o(i.rt_tsk_delete) refers to rtx_conf_cm.o(.constdata) for os_maxtaskrun
    rt_task.o(i.rt_tsk_pass) refers to rt_list.o(i.rt_get_same_rdy_prio) for rt_get_same_rdy_prio
    rt_task.o(i.rt_tsk_pass) refers to rt_list.o(i.rt_put_prio) for rt_put_prio
    rt_task.o(i.rt_tsk_pass) refers to rt_task.o(i.rt_switch_req) for rt_switch_req
    rt_task.o(i.rt_tsk_pass) refers to rt_task.o(.data) for .data
    rt_task.o(i.rt_tsk_pass) refers to rt_list.o(.bss) for os_rdy
    rt_task.o(i.rt_tsk_prio) refers to rt_list.o(i.rt_put_prio) for rt_put_prio
    rt_task.o(i.rt_tsk_prio) refers to rt_list.o(i.rt_resort_prio) for rt_resort_prio
    rt_task.o(i.rt_tsk_prio) refers to rt_list.o(i.rt_get_first) for rt_get_first
    rt_task.o(i.rt_tsk_prio) refers to rt_task.o(i.rt_dispatch) for rt_dispatch
    rt_task.o(i.rt_tsk_prio) refers to rt_task.o(.data) for .data
    rt_task.o(i.rt_tsk_prio) refers to rtx_conf_cm.o(.constdata) for os_maxtaskrun
    rt_task.o(i.rt_tsk_prio) refers to rtx_conf_cm.o(.bss) for os_active_TCB
    rt_task.o(i.rt_tsk_prio) refers to rt_list.o(.bss) for os_rdy
    rt_task.o(i.rt_tsk_self) refers to rt_task.o(.data) for .data
    rt_semaphore.o(i.isr_sem_send) refers to rt_list.o(i.rt_psq_enq) for rt_psq_enq
    rt_semaphore.o(i.isr_sem_send) refers to rt_system.o(i.rt_psh_req) for rt_psh_req
    rt_semaphore.o(i.rt_sem_psh) refers to rt_list.o(i.rt_get_first) for rt_get_first
    rt_semaphore.o(i.rt_sem_psh) refers to rt_list.o(i.rt_rmv_dly) for rt_rmv_dly
    rt_semaphore.o(i.rt_sem_psh) refers to rt_list.o(i.rt_put_prio) for rt_put_prio
    rt_semaphore.o(i.rt_sem_psh) refers to rt_list.o(.bss) for os_rdy
    rt_semaphore.o(i.rt_sem_send) refers to rt_list.o(i.rt_get_first) for rt_get_first
    rt_semaphore.o(i.rt_sem_send) refers to rt_list.o(i.rt_rmv_dly) for rt_rmv_dly
    rt_semaphore.o(i.rt_sem_send) refers to rt_task.o(i.rt_dispatch) for rt_dispatch
    rt_semaphore.o(i.rt_sem_send) refers to rt_task.o(.data) for os_tsk
    rt_semaphore.o(i.rt_sem_wait) refers to rt_list.o(i.rt_put_prio) for rt_put_prio
    rt_semaphore.o(i.rt_sem_wait) refers to rt_task.o(i.rt_block) for rt_block
    rt_semaphore.o(i.rt_sem_wait) refers to rt_task.o(.data) for os_tsk
    rt_time.o(i.rt_dly_wait) refers to rt_task.o(i.rt_block) for rt_block
    rt_time.o(i.rt_itv_set) refers to rt_task.o(.data) for os_tsk
    rt_time.o(i.rt_itv_set) refers to rt_time.o(.data) for .data
    rt_time.o(i.rt_itv_wait) refers to rt_task.o(i.rt_block) for rt_block
    rt_time.o(i.rt_itv_wait) refers to rt_task.o(.data) for os_tsk
    rt_time.o(i.rt_itv_wait) refers to rt_time.o(.data) for .data
    rt_time.o(i.rt_time_get) refers to rt_time.o(.data) for .data
    hal_cm1.o(.emb_text) refers to rtx_conf_cm.o(.constdata) for os_flags
    hal_cm1.o(.emb_text) refers to rt_membox.o(i.rt_alloc_box) for rt_alloc_box
    hal_cm1.o(.emb_text) refers to rt_membox.o(i.rt_free_box) for rt_free_box
    hal_cm1.o(.emb_text) refers to rtx_conf_cm.o(.text) for rt_stk_check
    hal_cm1.o(.emb_text) refers to rt_task.o(.data) for os_tsk
    hal_cm1.o(.emb_text) refers to SVC_Table.o(SVC_TABLE) for SVC_Count
    hal_cm1.o(.emb_text) refers to rt_system.o(i.rt_pop_req) for rt_pop_req
    hal_cm1.o(.emb_text) refers to rt_system.o(i.rt_systick) for rt_systick
    hal_cm1.o(.emb_text) refers to rt_system.o(i.os_tick_irqack) for os_tick_irqack
    hal_cm1.o(i.rt_init_stack) refers to rtx_conf_cm.o(.constdata) for os_stackinfo
    rt_system.o(i.os_tick_init) refers to rtx_conf_cm.o(.constdata) for os_trv
    rt_system.o(i.rt_pop_req) refers to rt_list.o(i.rt_put_rdy_first) for rt_put_rdy_first
    rt_system.o(i.rt_pop_req) refers to rt_semaphore.o(i.rt_sem_psh) for rt_sem_psh
    rt_system.o(i.rt_pop_req) refers to rt_list.o(i.rt_get_first) for rt_get_first
    rt_system.o(i.rt_pop_req) refers to rt_task.o(i.rt_switch_req) for rt_switch_req
    rt_system.o(i.rt_pop_req) refers to rt_event.o(i.rt_evt_psh) for rt_evt_psh
    rt_system.o(i.rt_pop_req) refers to rt_mailbox.o(i.rt_mbx_psh) for rt_mbx_psh
    rt_system.o(i.rt_pop_req) refers to rt_task.o(.data) for os_tsk
    rt_system.o(i.rt_pop_req) refers to rtx_conf_cm.o(.bss) for os_fifo
    rt_system.o(i.rt_pop_req) refers to rt_list.o(.bss) for os_rdy
    rt_system.o(i.rt_psh_req) refers to rt_system.o(.data) for .data
    rt_system.o(i.rt_resume) refers to rt_list.o(i.rt_put_rdy_first) for rt_put_rdy_first
    rt_system.o(i.rt_resume) refers to rt_list.o(i.rt_dec_dly) for rt_dec_dly
    rt_system.o(i.rt_resume) refers to rt_timer.o(i.rt_tmr_tick) for rt_tmr_tick
    rt_system.o(i.rt_resume) refers to rt_list.o(i.rt_get_first) for rt_get_first
    rt_system.o(i.rt_resume) refers to rt_task.o(i.rt_switch_req) for rt_switch_req
    rt_system.o(i.rt_resume) refers to rt_system.o(i.rt_tsk_unlock) for rt_tsk_unlock
    rt_system.o(i.rt_resume) refers to rt_task.o(.data) for os_tsk
    rt_system.o(i.rt_resume) refers to rt_robin.o(.data) for os_robin
    rt_system.o(i.rt_resume) refers to rt_list.o(.bss) for os_dly
    rt_system.o(i.rt_resume) refers to rt_time.o(.data) for os_time
    rt_system.o(i.rt_resume) refers to rt_timer.o(.data) for os_tmr
    rt_system.o(i.rt_stk_check) refers to rtx_conf_cm.o(.text) for os_error
    rt_system.o(i.rt_stk_check) refers to rt_task.o(.data) for os_tsk
    rt_system.o(i.rt_suspend) refers to rt_system.o(i.rt_tsk_lock) for rt_tsk_lock
    rt_system.o(i.rt_suspend) refers to rt_list.o(.bss) for os_dly
    rt_system.o(i.rt_suspend) refers to rt_timer.o(.data) for os_tmr
    rt_system.o(i.rt_systick) refers to rt_list.o(i.rt_put_rdy_first) for rt_put_rdy_first
    rt_system.o(i.rt_systick) refers to rtx_conf_cm.o(.text) for rt_chk_robin
    rt_system.o(i.rt_systick) refers to rt_list.o(i.rt_dec_dly) for rt_dec_dly
    rt_system.o(i.rt_systick) refers to rt_timer.o(i.rt_tmr_tick) for rt_tmr_tick
    rt_system.o(i.rt_systick) refers to rt_list.o(i.rt_get_first) for rt_get_first
    rt_system.o(i.rt_systick) refers to rt_task.o(i.rt_switch_req) for rt_switch_req
    rt_system.o(i.rt_systick) refers to rt_task.o(.data) for os_tsk
    rt_system.o(i.rt_systick) refers to rt_time.o(.data) for os_time
    rt_system.o(i.rt_systick) refers to rt_list.o(.bss) for os_rdy
    rt_system.o(i.rt_tsk_lock) refers to rt_system.o(.data) for .data
    rt_system.o(i.rt_tsk_unlock) refers to rt_system.o(.data) for .data
    rt_list.o(i.rt_dec_dly) refers to rt_list.o(i.rt_put_prio) for rt_put_prio
    rt_list.o(i.rt_dec_dly) refers to rt_list.o(.bss) for .bss
    rt_list.o(i.rt_dec_dly) refers to rt_time.o(.data) for os_time
    rt_list.o(i.rt_get_same_rdy_prio) refers to rt_list.o(.bss) for .bss
    rt_list.o(i.rt_get_same_rdy_prio) refers to rt_task.o(.data) for os_tsk
    rt_list.o(i.rt_psq_enq) refers to rtx_conf_cm.o(.text) for os_error
    rt_list.o(i.rt_psq_enq) refers to rtx_conf_cm.o(.bss) for os_fifo
    rt_list.o(i.rt_put_dly) refers to rt_list.o(.bss) for .bss
    rt_list.o(i.rt_put_rdy_first) refers to rt_list.o(.bss) for .bss
    rt_list.o(i.rt_resort_prio) refers to rt_list.o(i.rt_rmv_list) for rt_rmv_list
    rt_list.o(i.rt_resort_prio) refers to rt_list.o(i.rt_put_prio) for rt_put_prio
    rt_list.o(i.rt_resort_prio) refers to rt_list.o(.bss) for .bss
    rt_list.o(i.rt_rmv_list) refers to rt_list.o(.bss) for .bss
    rt_membox.o(i._calloc_box) refers to hal_cm1.o(.emb_text) for _alloc_box
    rt_event.o(i.isr_evt_set) refers to rt_list.o(i.rt_psq_enq) for rt_psq_enq
    rt_event.o(i.isr_evt_set) refers to rt_system.o(i.rt_psh_req) for rt_psh_req
    rt_event.o(i.isr_evt_set) refers to rtx_conf_cm.o(.bss) for os_active_TCB
    rt_event.o(i.rt_evt_clr) refers to rtx_conf_cm.o(.bss) for os_active_TCB
    rt_event.o(i.rt_evt_get) refers to rt_task.o(.data) for os_tsk
    rt_event.o(i.rt_evt_psh) refers to rt_list.o(i.rt_rmv_dly) for rt_rmv_dly
    rt_event.o(i.rt_evt_psh) refers to rt_list.o(i.rt_put_prio) for rt_put_prio
    rt_event.o(i.rt_evt_psh) refers to rt_list.o(.bss) for os_rdy
    rt_event.o(i.rt_evt_set) refers to rt_list.o(i.rt_rmv_dly) for rt_rmv_dly
    rt_event.o(i.rt_evt_set) refers to rt_task.o(i.rt_dispatch) for rt_dispatch
    rt_event.o(i.rt_evt_set) refers to rtx_conf_cm.o(.bss) for os_active_TCB
    rt_event.o(i.rt_evt_wait) refers to rt_task.o(i.rt_block) for rt_block
    rt_event.o(i.rt_evt_wait) refers to rt_task.o(.data) for os_tsk
    rt_mailbox.o(i.isr_mbx_receive) refers to rt_list.o(i.rt_psq_enq) for rt_psq_enq
    rt_mailbox.o(i.isr_mbx_receive) refers to rt_system.o(i.rt_psh_req) for rt_psh_req
    rt_mailbox.o(i.isr_mbx_send) refers to rt_list.o(i.rt_psq_enq) for rt_psq_enq
    rt_mailbox.o(i.isr_mbx_send) refers to rt_system.o(i.rt_psh_req) for rt_psh_req
    rt_mailbox.o(i.rt_mbx_psh) refers to rt_list.o(i.rt_get_first) for rt_get_first
    rt_mailbox.o(i.rt_mbx_psh) refers to rt_list.o(i.rt_rmv_dly) for rt_rmv_dly
    rt_mailbox.o(i.rt_mbx_psh) refers to rt_list.o(i.rt_put_prio) for rt_put_prio
    rt_mailbox.o(i.rt_mbx_psh) refers to rtx_conf_cm.o(.text) for os_error
    rt_mailbox.o(i.rt_mbx_psh) refers to rt_list.o(.bss) for os_rdy
    rt_mailbox.o(i.rt_mbx_send) refers to rt_list.o(i.rt_put_prio) for rt_put_prio
    rt_mailbox.o(i.rt_mbx_send) refers to rt_list.o(i.rt_get_first) for rt_get_first
    rt_mailbox.o(i.rt_mbx_send) refers to rt_list.o(i.rt_rmv_dly) for rt_rmv_dly
    rt_mailbox.o(i.rt_mbx_send) refers to rt_task.o(i.rt_dispatch) for rt_dispatch
    rt_mailbox.o(i.rt_mbx_send) refers to rt_task.o(i.rt_block) for rt_block
    rt_mailbox.o(i.rt_mbx_send) refers to rt_task.o(.data) for os_tsk
    rt_mailbox.o(i.rt_mbx_wait) refers to rt_list.o(i.rt_get_first) for rt_get_first
    rt_mailbox.o(i.rt_mbx_wait) refers to rt_list.o(i.rt_rmv_dly) for rt_rmv_dly
    rt_mailbox.o(i.rt_mbx_wait) refers to rt_task.o(i.rt_dispatch) for rt_dispatch
    rt_mailbox.o(i.rt_mbx_wait) refers to rt_list.o(i.rt_put_prio) for rt_put_prio
    rt_mailbox.o(i.rt_mbx_wait) refers to rt_task.o(i.rt_block) for rt_block
    rt_mailbox.o(i.rt_mbx_wait) refers to rt_task.o(.data) for os_tsk
    rt_timer.o(i.rt_tmr_create) refers to rt_membox.o(i.rt_alloc_box) for rt_alloc_box
    rt_timer.o(i.rt_tmr_create) refers to rtx_conf_cm.o(.data) for m_tmr
    rt_timer.o(i.rt_tmr_create) refers to rt_timer.o(.data) for .data
    rt_timer.o(i.rt_tmr_kill) refers to rt_membox.o(i.rt_free_box) for rt_free_box
    rt_timer.o(i.rt_tmr_kill) refers to rt_timer.o(.data) for .data
    rt_timer.o(i.rt_tmr_kill) refers to rtx_conf_cm.o(.data) for m_tmr
    rt_timer.o(i.rt_tmr_tick) refers to rtx_conf_cm.o(.text) for os_tmr_call
    rt_timer.o(i.rt_tmr_tick) refers to rt_membox.o(i.rt_free_box) for rt_free_box
    rt_timer.o(i.rt_tmr_tick) refers to rt_timer.o(.data) for .data
    rt_timer.o(i.rt_tmr_tick) refers to rtx_conf_cm.o(.data) for m_tmr
    rt_robin.o(i.rt_chk_robin) refers to rt_list.o(i.rt_get_first) for rt_get_first
    rt_robin.o(i.rt_chk_robin) refers to rt_list.o(i.rt_put_prio) for rt_put_prio
    rt_robin.o(i.rt_chk_robin) refers to rt_robin.o(.data) for .data
    rt_robin.o(i.rt_chk_robin) refers to rt_list.o(.bss) for os_rdy
    rt_robin.o(i.rt_chk_robin) refers to rt_time.o(.data) for os_time
    rt_robin.o(i.rt_init_robin) refers to rt_robin.o(.data) for .data
    rt_robin.o(i.rt_init_robin) refers to rtx_conf_cm.o(.constdata) for os_rrobin
    entry.o(.ARM.Collect$$$$00000000) refers (Special) to entry10a.o(.ARM.Collect$$$$0000000D) for __rt_final_cpp
    entry.o(.ARM.Collect$$$$00000000) refers (Special) to entry11a.o(.ARM.Collect$$$$0000000F) for __rt_final_exit
    entry.o(.ARM.Collect$$$$00000000) refers (Special) to entry7b.o(.ARM.Collect$$$$00000008) for _main_clock
    entry.o(.ARM.Collect$$$$00000000) refers (Special) to entry8b.o(.ARM.Collect$$$$0000000A) for _main_cpp_init
    entry.o(.ARM.Collect$$$$00000000) refers (Special) to entry9a.o(.ARM.Collect$$$$0000000B) for _main_init
    entry.o(.ARM.Collect$$$$00000000) refers (Special) to entry5.o(.ARM.Collect$$$$00000004) for _main_scatterload
    entry.o(.ARM.Collect$$$$00000000) refers (Special) to entry2.o(.ARM.Collect$$$$00000001) for _main_stk
    uldiv.o(.text) refers to llushr.o(.text) for __aeabi_llsr
    uldiv.o(.text) refers to llshl.o(.text) for __aeabi_llsl
    llmul.o(.text) refers to llshl.o(.text) for __aeabi_llsl
    entry2.o(.ARM.Collect$$$$00000001) refers to entry2.o(.ARM.Collect$$$$00002712) for __lit__00000000
    entry2.o(.ARM.Collect$$$$00002712) refers to startup_lpc12xx.o(STACK) for __initial_sp
    entry2.o(__vectab_stack_and_reset_area) refers to startup_lpc12xx.o(STACK) for __initial_sp
    entry2.o(__vectab_stack_and_reset_area) refers to entry.o(.ARM.Collect$$$$00000000) for __main
    entry5.o(.ARM.Collect$$$$00000004) refers to init.o(.text) for __scatterload
    entry9a.o(.ARM.Collect$$$$0000000B) refers to main.o(.text) for main
    entry9b.o(.ARM.Collect$$$$0000000C) refers to main.o(.text) for main
    init.o(.text) refers to entry5.o(.ARM.Collect$$$$00000004) for __main_after_scatterload


==============================================================================

Removing Unused input sections from the image.

    Removing startup_lpc12xx.o(HEAP), (0 bytes).
    Removing main.o(.rev16_text), (4 bytes).
    Removing main.o(.revsh_text), (4 bytes).
    Removing main.o(.data), (4 bytes).
    Removing main.o(.data), (4 bytes).
    Removing main.o(.data), (4 bytes).
    Removing main.o(.data), (8 bytes).
    Removing main.o(.data), (8 bytes).
    Removing main.o(.data), (8 bytes).
    Removing main.o(.data), (8 bytes).
    Removing main.o(.data), (8 bytes).
    Removing main.o(.data), (8 bytes).
    Removing main.o(.data), (4 bytes).
    Removing ledtask.o(.rev16_text), (4 bytes).
    Removing ledtask.o(.revsh_text), (4 bytes).
    Removing mdbslavetask.o(.rev16_text), (4 bytes).
    Removing mdbslavetask.o(.revsh_text), (4 bytes).
    Removing mdbslavetask.o(.constdata), (1 bytes).
    Removing comhosttask.o(.rev16_text), (4 bytes).
    Removing comhosttask.o(.revsh_text), (4 bytes).
    Removing comhosttask.o(.constdata), (1 bytes).
    Removing comhosttask.o(.constdata), (1 bytes).
    Removing comhosttask.o(.constdata), (1 bytes).
    Removing comhosttask.o(.constdata), (1 bytes).
    Removing rtx_conf_cm.o(.constdata), (4 bytes).
    Removing time.o(.rev16_text), (4 bytes).
    Removing time.o(.revsh_text), (4 bytes).
    Removing uart.o(.rev16_text), (4 bytes).
    Removing uart.o(.revsh_text), (4 bytes).
    Removing uart.o(.data), (2 bytes).
    Removing uart.o(.data), (2 bytes).
    Removing uart.o(.data), (2 bytes).
    Removing uart.o(.data), (1 bytes).
    Removing lpc12xx_gpio.o(.rev16_text), (4 bytes).
    Removing lpc12xx_gpio.o(.revsh_text), (4 bytes).
    Removing lpc12xx_gpio.o(.bss), (12 bytes).
    Removing lpc12xx_iocon.o(.rev16_text), (4 bytes).
    Removing lpc12xx_iocon.o(.revsh_text), (4 bytes).
    Removing lpc12xx_libcfg_default.o(.rev16_text), (4 bytes).
    Removing lpc12xx_libcfg_default.o(.revsh_text), (4 bytes).
    Removing lpc12xx_sysctrl.o(.rev16_text), (4 bytes).
    Removing lpc12xx_sysctrl.o(.revsh_text), (4 bytes).
    Removing lpc12xx_timer32.o(.rev16_text), (4 bytes).
    Removing lpc12xx_timer32.o(.revsh_text), (4 bytes).
    Removing lpc12xx_uart.o(.rev16_text), (4 bytes).
    Removing lpc12xx_uart.o(.revsh_text), (4 bytes).
    Removing system_lpc12xx.o(.rev16_text), (4 bytes).
    Removing system_lpc12xx.o(.revsh_text), (4 bytes).
    Removing rt_task.o(i.rt_tsk_pass), (44 bytes).
    Removing rt_task.o(i.rt_tsk_prio), (144 bytes).
    Removing rt_task.o(i.rt_tsk_self), (16 bytes).
    Removing rt_semaphore.o(i.rt_sem_send), (60 bytes).
    Removing rt_time.o(i.rt_itv_set), (24 bytes).
    Removing rt_time.o(i.rt_itv_wait), (44 bytes).
    Removing rt_time.o(i.rt_time_get), (12 bytes).
    Removing rt_system.o(.emb_text), (0 bytes).
    Removing rt_system.o(i.rt_resume), (176 bytes).
    Removing rt_system.o(i.rt_stk_check), (40 bytes).
    Removing rt_system.o(i.rt_suspend), (52 bytes).
    Removing rt_system.o(i.rt_tsk_lock), (84 bytes).
    Removing rt_system.o(i.rt_tsk_unlock), (84 bytes).
    Removing rt_list.o(i.rt_get_same_rdy_prio), (36 bytes).
    Removing rt_list.o(i.rt_resort_prio), (48 bytes).
    Removing rt_membox.o(i._calloc_box), (30 bytes).
    Removing rt_event.o(i.isr_evt_set), (36 bytes).
    Removing rt_event.o(i.rt_evt_clr), (28 bytes).
    Removing rt_event.o(i.rt_evt_get), (12 bytes).
    Removing rt_event.o(i.rt_evt_set), (92 bytes).
    Removing rt_event.o(i.rt_evt_wait), (64 bytes).
    Removing rt_mailbox.o(i.isr_mbx_receive), (74 bytes).
    Removing rt_mailbox.o(i.isr_mbx_send), (12 bytes).
    Removing rt_mailbox.o(i.rt_mbx_check), (8 bytes).
    Removing rt_mailbox.o(i.rt_mbx_init), (32 bytes).
    Removing rt_mailbox.o(i.rt_mbx_send), (160 bytes).
    Removing rt_mailbox.o(i.rt_mbx_wait), (176 bytes).
    Removing rt_timer.o(i.rt_tmr_create), (80 bytes).
    Removing rt_timer.o(i.rt_tmr_kill), (52 bytes).
    Removing rt_robin.o(i.rt_chk_robin), (68 bytes).
    Removing rt_robin.o(i.rt_init_robin), (24 bytes).
    Removing rt_robin.o(.data), (8 bytes).

80 unused section(s) (total 2016 bytes) removed from the image.

==============================================================================

Image Symbol Table

    Local Symbols

    Symbol Name                              Value     Ov Type        Size  Object(Section)

    RESET                                    0x00000000   Section      188  startup_lpc12xx.o(RESET)
    ../clib/microlib/division.c              0x00000000   Number         0  uldiv.o ABSOLUTE
    ../clib/microlib/division.c              0x00000000   Number         0  uidiv.o ABSOLUTE
    ../clib/microlib/init/entry.s            0x00000000   Number         0  entry11a.o ABSOLUTE
    ../clib/microlib/init/entry.s            0x00000000   Number         0  entry10a.o ABSOLUTE
    ../clib/microlib/init/entry.s            0x00000000   Number         0  entry5.o ABSOLUTE
    ../clib/microlib/init/entry.s            0x00000000   Number         0  entry7a.o ABSOLUTE
    ../clib/microlib/init/entry.s            0x00000000   Number         0  entry.o ABSOLUTE
    ../clib/microlib/init/entry.s            0x00000000   Number         0  entry10b.o ABSOLUTE
    ../clib/microlib/init/entry.s            0x00000000   Number         0  entry9b.o ABSOLUTE
    ../clib/microlib/init/entry.s            0x00000000   Number         0  entry2.o ABSOLUTE
    ../clib/microlib/init/entry.s            0x00000000   Number         0  entry9a.o ABSOLUTE
    ../clib/microlib/init/entry.s            0x00000000   Number         0  entry11b.o ABSOLUTE
    ../clib/microlib/init/entry.s            0x00000000   Number         0  entry8b.o ABSOLUTE
    ../clib/microlib/init/entry.s            0x00000000   Number         0  entry8a.o ABSOLUTE
    ../clib/microlib/init/entry.s            0x00000000   Number         0  entry7b.o ABSOLUTE
    ../clib/microlib/longlong.c              0x00000000   Number         0  llshl.o ABSOLUTE
    ../clib/microlib/longlong.c              0x00000000   Number         0  llmul.o ABSOLUTE
    ../clib/microlib/longlong.c              0x00000000   Number         0  llushr.o ABSOLUTE
    ../clib/microlib/string/strncpy.c        0x00000000   Number         0  strncpy.o ABSOLUTE
    ../clib/microlib/unhosted.c              0x00000000   Number         0  uwrite4.o ABSOLUTE
    ../clib/microlib/unhosted.c              0x00000000   Number         0  uread4.o ABSOLUTE
    ..\Source\ComHostTask.c                  0x00000000   Number         0  comhosttask.o ABSOLUTE
    ..\Source\LedTask.c                      0x00000000   Number         0  ledtask.o ABSOLUTE
    ..\Source\Main.c                         0x00000000   Number         0  main.o ABSOLUTE
    ..\Source\MdbSlaveTask.c                 0x00000000   Number         0  mdbslavetask.o ABSOLUTE
    ..\Source\RTX_Conf_CM.c                  0x00000000   Number         0  rtx_conf_cm.o ABSOLUTE
    ..\Source\Time.c                         0x00000000   Number         0  time.o ABSOLUTE
    ..\Source\Uart.c                         0x00000000   Number         0  uart.o ABSOLUTE
    ..\Source\lpc12xx_gpio.c                 0x00000000   Number         0  lpc12xx_gpio.o ABSOLUTE
    ..\Source\lpc12xx_iocon.c                0x00000000   Number         0  lpc12xx_iocon.o ABSOLUTE
    ..\Source\lpc12xx_libcfg_default.c       0x00000000   Number         0  lpc12xx_libcfg_default.o ABSOLUTE
    ..\Source\lpc12xx_sysctrl.c              0x00000000   Number         0  lpc12xx_sysctrl.o ABSOLUTE
    ..\Source\lpc12xx_timer32.c              0x00000000   Number         0  lpc12xx_timer32.o ABSOLUTE
    ..\Source\lpc12xx_uart.c                 0x00000000   Number         0  lpc12xx_uart.o ABSOLUTE
    ..\Source\startup_LPC12xx.s              0x00000000   Number         0  startup_lpc12xx.o ABSOLUTE
    ..\Source\system_LPC12xx.c               0x00000000   Number         0  system_lpc12xx.o ABSOLUTE
    ..\\Source\\ComHostTask.c                0x00000000   Number         0  comhosttask.o ABSOLUTE
    ..\\Source\\LedTask.c                    0x00000000   Number         0  ledtask.o ABSOLUTE
    ..\\Source\\Main.c                       0x00000000   Number         0  main.o ABSOLUTE
    ..\\Source\\MdbSlaveTask.c               0x00000000   Number         0  mdbslavetask.o ABSOLUTE
    ..\\Source\\Time.c                       0x00000000   Number         0  time.o ABSOLUTE
    ..\\Source\\Uart.c                       0x00000000   Number         0  uart.o ABSOLUTE
    ..\\Source\\lpc12xx_gpio.c               0x00000000   Number         0  lpc12xx_gpio.o ABSOLUTE
    ..\\Source\\lpc12xx_iocon.c              0x00000000   Number         0  lpc12xx_iocon.o ABSOLUTE
    ..\\Source\\lpc12xx_libcfg_default.c     0x00000000   Number         0  lpc12xx_libcfg_default.o ABSOLUTE
    ..\\Source\\lpc12xx_sysctrl.c            0x00000000   Number         0  lpc12xx_sysctrl.o ABSOLUTE
    ..\\Source\\lpc12xx_timer32.c            0x00000000   Number         0  lpc12xx_timer32.o ABSOLUTE
    ..\\Source\\lpc12xx_uart.c               0x00000000   Number         0  lpc12xx_uart.o ABSOLUTE
    ..\\Source\\system_LPC12xx.c             0x00000000   Number         0  system_lpc12xx.o ABSOLUTE
    SRC\CM\HAL_CM1.c                         0x00000000   Number         0  hal_cm1.o ABSOLUTE
    SRC\CM\SVC_Table.s                       0x00000000   Number         0  SVC_Table.o ABSOLUTE
    SRC\CM\rt_Event.c                        0x00000000   Number         0  rt_event.o ABSOLUTE
    SRC\CM\rt_List.c                         0x00000000   Number         0  rt_list.o ABSOLUTE
    SRC\CM\rt_Mailbox.c                      0x00000000   Number         0  rt_mailbox.o ABSOLUTE
    SRC\CM\rt_MemBox.c                       0x00000000   Number         0  rt_membox.o ABSOLUTE
    SRC\CM\rt_Robin.c                        0x00000000   Number         0  rt_robin.o ABSOLUTE
    SRC\CM\rt_Semaphore.c                    0x00000000   Number         0  rt_semaphore.o ABSOLUTE
    SRC\CM\rt_System.c                       0x00000000   Number         0  rt_system.o ABSOLUTE
    SRC\CM\rt_Task.c                         0x00000000   Number         0  rt_task.o ABSOLUTE
    SRC\CM\rt_Time.c                         0x00000000   Number         0  rt_time.o ABSOLUTE
    SRC\CM\rt_Timer.c                        0x00000000   Number         0  rt_timer.o ABSOLUTE
    SRC\\CM\\HAL_CM1.c                       0x00000000   Number         0  hal_cm1.o ABSOLUTE
    SRC\\CM\\rt_System.c                     0x00000000   Number         0  rt_system.o ABSOLUTE
    dc.s                                     0x00000000   Number         0  dc.o ABSOLUTE
    handlers.s                               0x00000000   Number         0  handlers.o ABSOLUTE
    init.s                                   0x00000000   Number         0  init.o ABSOLUTE
    .ARM.Collect$$$$00000000                 0x000000bc   Section        0  entry.o(.ARM.Collect$$$$00000000)
    .ARM.Collect$$$$00000001                 0x000000bc   Section        4  entry2.o(.ARM.Collect$$$$00000001)
    .ARM.Collect$$$$00000004                 0x000000c0   Section        4  entry5.o(.ARM.Collect$$$$00000004)
    .ARM.Collect$$$$00000008                 0x000000c4   Section        0  entry7b.o(.ARM.Collect$$$$00000008)
    .ARM.Collect$$$$0000000A                 0x000000c4   Section        0  entry8b.o(.ARM.Collect$$$$0000000A)
    .ARM.Collect$$$$0000000B                 0x000000c4   Section        8  entry9a.o(.ARM.Collect$$$$0000000B)
    .ARM.Collect$$$$0000000D                 0x000000cc   Section        0  entry10a.o(.ARM.Collect$$$$0000000D)
    .ARM.Collect$$$$0000000F                 0x000000cc   Section        0  entry11a.o(.ARM.Collect$$$$0000000F)
    .ARM.Collect$$$$00002712                 0x000000cc   Section        4  entry2.o(.ARM.Collect$$$$00002712)
    __lit__00000000                          0x000000cc   Data           4  entry2.o(.ARM.Collect$$$$00002712)
    .emb_text                                0x000000d0   Section      392  hal_cm1.o(.emb_text)
    .text                                    0x00000258   Section       28  startup_lpc12xx.o(.text)
    .text                                    0x00000274   Section        0  main.o(.text)
    .ARM.__at_0x02FC                         0x000002fc   Section        4  startup_lpc12xx.o(.ARM.__at_0x02FC)
    .text                                    0x00000300   Section        0  ledtask.o(.text)
    MDB_LedFlash                             0x000003cf   Thumb Code    40  ledtask.o(.text)
    MDB_LedFlashLoop                         0x000003f7   Thumb Code    30  ledtask.o(.text)
    COM_LedFlash                             0x00000415   Thumb Code    40  ledtask.o(.text)
    FUJI_LedFlash                            0x0000043d   Thumb Code    42  ledtask.o(.text)
    COM_LedFlashLoop                         0x00000467   Thumb Code    30  ledtask.o(.text)
    .text                                    0x00000498   Section        0  mdbslavetask.o(.text)
    .text                                    0x00000764   Section        0  comhosttask.o(.text)
    Check_ISP_Key_Pressed                    0x00000c93   Thumb Code    24  comhosttask.o(.text)
    .text                                    0x00000cd4   Section        0  rtx_conf_cm.o(.text)
    .text                                    0x00000ce0   Section        0  time.o(.text)
    .text                                    0x00000dc4   Section        0  uart.o(.text)
    NVIC_EnableIRQ                           0x000019a1   Thumb Code    14  uart.o(.text)
    NVIC_DisableIRQ                          0x000019af   Thumb Code    16  uart.o(.text)
    .text                                    0x000019ec   Section        0  lpc12xx_gpio.o(.text)
    gpio_getvalue                            0x00001ab1   Thumb Code    30  lpc12xx_gpio.o(.text)
    gpio_setvalue                            0x00001acf   Thumb Code    32  lpc12xx_gpio.o(.text)
    .text                                    0x00001af0   Section        0  lpc12xx_iocon.o(.text)
    .text                                    0x00001b58   Section        0  lpc12xx_sysctrl.o(.text)
    .text                                    0x00001d3c   Section        0  lpc12xx_timer32.o(.text)
    .text                                    0x0000200c   Section        0  lpc12xx_uart.o(.text)
    uart_set_divisors                        0x0000200d   Thumb Code   220  lpc12xx_uart.o(.text)
    uart_get_num                             0x00002295   Thumb Code    14  lpc12xx_uart.o(.text)
    .text                                    0x000022c0   Section        0  system_lpc12xx.o(.text)
    .text                                    0x0000248c   Section        0  uidiv.o(.text)
    .text                                    0x000024b8   Section        0  uldiv.o(.text)
    .text                                    0x00002518   Section        0  llmul.o(.text)
    .text                                    0x00002592   Section        0  strncpy.o(.text)
    .text                                    0x000025ac   Section        0  uread4.o(.text)
    .text                                    0x000025c0   Section        0  uwrite4.o(.text)
    .text                                    0x000025d2   Section        0  llshl.o(.text)
    .text                                    0x000025f2   Section        0  llushr.o(.text)
    .text                                    0x00002614   Section       36  init.o(.text)
    SVC_TABLE                                0x00002638   Section        4  SVC_Table.o(SVC_TABLE)
    i.__ARM_common_switch8                   0x0000263c   Section        0  mdbslavetask.o(i.__ARM_common_switch8)
    i.__scatterload_copy                     0x00002656   Section       14  handlers.o(i.__scatterload_copy)
    i.__scatterload_null                     0x00002664   Section        2  handlers.o(i.__scatterload_null)
    i.__scatterload_zeroinit                 0x00002666   Section       14  handlers.o(i.__scatterload_zeroinit)
    i._init_box                              0x00002674   Section        0  rt_membox.o(i._init_box)
    i.isr_sem_send                           0x000026bc   Section        0  rt_semaphore.o(i.isr_sem_send)
    i.os_tick_init                           0x000026cc   Section        0  rt_system.o(i.os_tick_init)
    i.os_tick_irqack                         0x000026f8   Section        0  rt_system.o(i.os_tick_irqack)
    i.rt_alloc_box                           0x000026fa   Section        0  rt_membox.o(i.rt_alloc_box)
    i.rt_block                               0x00002718   Section        0  rt_task.o(i.rt_block)
    i.rt_dec_dly                             0x00002750   Section        0  rt_list.o(i.rt_dec_dly)
    i.rt_dispatch                            0x000027c8   Section        0  rt_task.o(i.rt_dispatch)
    i.rt_dly_wait                            0x00002808   Section        0  rt_time.o(i.rt_dly_wait)
    i.rt_evt_psh                             0x00002814   Section        0  rt_event.o(i.rt_evt_psh)
    i.rt_free_box                            0x00002860   Section        0  rt_membox.o(i.rt_free_box)
    i.rt_get_first                           0x00002886   Section        0  rt_list.o(i.rt_get_first)
    i.rt_init_context                        0x000028b0   Section        0  rt_task.o(i.rt_init_context)
    rt_init_context                          0x000028b1   Thumb Code    68  rt_task.o(i.rt_init_context)
    i.rt_init_stack                          0x000028f8   Section        0  hal_cm1.o(i.rt_init_stack)
    i.rt_mbx_psh                             0x00002944   Section        0  rt_mailbox.o(i.rt_mbx_psh)
    i.rt_pop_req                             0x000029f0   Section        0  rt_system.o(i.rt_pop_req)
    i.rt_psh_req                             0x00002a60   Section        0  rt_system.o(i.rt_psh_req)
    i.rt_psq_enq                             0x00002a80   Section        0  rt_list.o(i.rt_psq_enq)
    i.rt_put_dly                             0x00002ac0   Section        0  rt_list.o(i.rt_put_dly)
    i.rt_put_prio                            0x00002b10   Section        0  rt_list.o(i.rt_put_prio)
    i.rt_put_rdy_first                       0x00002b4c   Section        0  rt_list.o(i.rt_put_rdy_first)
    i.rt_rmv_dly                             0x00002b60   Section        0  rt_list.o(i.rt_rmv_dly)
    i.rt_rmv_list                            0x00002b8c   Section        0  rt_list.o(i.rt_rmv_list)
    i.rt_sem_init                            0x00002bc0   Section        0  rt_semaphore.o(i.rt_sem_init)
    i.rt_sem_psh                             0x00002bcc   Section        0  rt_semaphore.o(i.rt_sem_psh)
    i.rt_sem_wait                            0x00002c00   Section        0  rt_semaphore.o(i.rt_sem_wait)
    i.rt_switch_req                          0x00002c44   Section        0  rt_task.o(i.rt_switch_req)
    i.rt_sys_init                            0x00002c54   Section        0  rt_task.o(i.rt_sys_init)
    i.rt_systick                             0x00002d8c   Section        0  rt_system.o(i.rt_systick)
    i.rt_tmr_tick                            0x00002dc8   Section        0  rt_timer.o(i.rt_tmr_tick)
    i.rt_tsk_create                          0x00002e08   Section        0  rt_task.o(i.rt_tsk_create)
    i.rt_tsk_delete                          0x00002e84   Section        0  rt_task.o(i.rt_tsk_delete)
    .constdata                               0x00002fc4   Section        8  mdbslavetask.o(.constdata)
    .constdata                               0x00002fcc   Section        2  rtx_conf_cm.o(.constdata)
    .constdata                               0x00002fd0   Section        4  rtx_conf_cm.o(.constdata)
    .constdata                               0x00002fd4   Section        4  rtx_conf_cm.o(.constdata)
    .constdata                               0x00002fd8   Section        1  rtx_conf_cm.o(.constdata)
    .constdata                               0x00002fdc   Section        8  rtx_conf_cm.o(.constdata)
    __tagsym$$used                           0x00002fdc   Number         0  rtx_conf_cm.o(.constdata)
    __tagsym$$used                           0x00002fe0   Number         0  rtx_conf_cm.o(.constdata)
    .constdata                               0x00002fe4   Section        2  rtx_conf_cm.o(.constdata)
    .constdata                               0x00002fe8   Section        4  rtx_conf_cm.o(.constdata)
    .constdata                               0x00002fec   Section        1  rtx_conf_cm.o(.constdata)
    .constdata                               0x00002fee   Section        2  rtx_conf_cm.o(.constdata)
    .constdata                               0x00002ff0   Section        4  rt_system.o(.constdata)
    __tagsym$$used                           0x00002ff0   Number         0  rt_system.o(.constdata)
    .data                                    0x10000000   Section        8  main.o(.data)
    .data                                    0x10000008   Section        4  main.o(.data)
    .data                                    0x1000000c   Section        4  main.o(.data)
    .data                                    0x10000010   Section        4  main.o(.data)
    .data                                    0x10000014   Section        4  main.o(.data)
    .data                                    0x10000018   Section        4  main.o(.data)
    .data                                    0x1000001c   Section        4  main.o(.data)
    .data                                    0x10000020   Section        2  main.o(.data)
    .data                                    0x10000022   Section        2  main.o(.data)
    .data                                    0x10000024   Section        8  main.o(.data)
    .data                                    0x1000002c   Section        8  main.o(.data)
    .data                                    0x10000034   Section        2  main.o(.data)
    .data                                    0x10000036   Section        3  main.o(.data)
    .data                                    0x10000039   Section        2  main.o(.data)
    .data                                    0x1000003c   Section        4  rtx_conf_cm.o(.data)
    .data                                    0x10000040   Section       20  uart.o(.data)
    u8_AddrCode                              0x10000040   Data           1  uart.o(.data)
    u8_DataLen                               0x10000041   Data           1  uart.o(.data)
    bl_Expansion                             0x10000048   Data           4  uart.o(.data)
    .data                                    0x10000054   Section        1  uart.o(.data)
    .data                                    0x10000058   Section        8  system_lpc12xx.o(.data)
    .data                                    0x10000060   Section        8  rt_task.o(.data)
    .data                                    0x10000068   Section        4  rt_time.o(.data)
    .data                                    0x1000006c   Section        8  rt_system.o(.data)
    os_lock                                  0x1000006c   Data           1  rt_system.o(.data)
    os_psh_flag                              0x1000006d   Data           1  rt_system.o(.data)
    pend_flags                               0x1000006e   Data           1  rt_system.o(.data)
    .data                                    0x10000074   Section        8  rt_timer.o(.data)
    .bss                                     0x1000007c   Section       34  main.o(.bss)
    .bss                                     0x1000009e   Section       10  main.o(.bss)
    .bss                                     0x100000a8   Section       10  main.o(.bss)
    .bss                                     0x100000b2   Section        9  main.o(.bss)
    .bss                                     0x100000bc   Section      252  rtx_conf_cm.o(.bss)
    .bss                                     0x100001b8   Section     3088  rtx_conf_cm.o(.bss)
    .bss                                     0x10000dc8   Section      132  rtx_conf_cm.o(.bss)
    .bss                                     0x10000e4c   Section       20  rtx_conf_cm.o(.bss)
    .bss                                     0x10000e60   Section      156  uart.o(.bss)
    .bss                                     0x10000efc   Section       24  lpc12xx_uart.o(.bss)
    UART_Configration                        0x10000efc   Data          24  lpc12xx_uart.o(.bss)
    .bss                                     0x10000f14   Section       56  rt_task.o(.bss)
    .bss                                     0x10000f4c   Section       48  rt_list.o(.bss)
    STACK                                    0x10000f80   Section      512  startup_lpc12xx.o(STACK)

    Global Symbols

    Symbol Name                              Value     Ov Type        Size  Object(Section)

    BuildAttributes$$THM_ISAv3M$S$PE$A:L22$X:L11$S22$IEEE1$IW$USESV6$~STKCKD$USESV7$~SHL$OSPACE$EBA8$MICROLIB$REQ8$PRES8$EABIv2 0x00000000   Number         0  anon$$obj.o ABSOLUTE
    __ARM_use_no_argv                        0x00000000   Number         0  main.o ABSOLUTE
    __Vectors                                0x00000000   Data           4  startup_lpc12xx.o(RESET)
    __cpp_initialize__aeabi_                  - Undefined Weak Reference
    __cxa_finalize                            - Undefined Weak Reference
    __decompress                              - Undefined Weak Reference
    _clock_init                               - Undefined Weak Reference
    _microlib_exit                            - Undefined Weak Reference
    __main                                   0x000000bd   Thumb Code     0  entry.o(.ARM.Collect$$$$00000000)
    _main_stk                                0x000000bd   Thumb Code     0  entry2.o(.ARM.Collect$$$$00000001)
    _main_scatterload                        0x000000c1   Thumb Code     0  entry5.o(.ARM.Collect$$$$00000004)
    __main_after_scatterload                 0x000000c5   Thumb Code     0  entry5.o(.ARM.Collect$$$$00000004)
    _main_clock                              0x000000c5   Thumb Code     0  entry7b.o(.ARM.Collect$$$$00000008)
    _main_cpp_init                           0x000000c5   Thumb Code     0  entry8b.o(.ARM.Collect$$$$0000000A)
    _main_init                               0x000000c5   Thumb Code     0  entry9a.o(.ARM.Collect$$$$0000000B)
    __rt_final_cpp                           0x000000cd   Thumb Code     0  entry10a.o(.ARM.Collect$$$$0000000D)
    __rt_final_exit                          0x000000cd   Thumb Code     0  entry11a.o(.ARM.Collect$$$$0000000F)
    rt_set_PSP                               0x000000d1   Thumb Code     6  hal_cm1.o(.emb_text)
    rt_get_PSP                               0x000000d7   Thumb Code     6  hal_cm1.o(.emb_text)
    os_set_env                               0x000000dd   Thumb Code    32  hal_cm1.o(.emb_text)
    _alloc_box                               0x00000101   Thumb Code    28  hal_cm1.o(.emb_text)
    _free_box                                0x00000121   Thumb Code    28  hal_cm1.o(.emb_text)
    SVC_Handler                              0x00000141   Thumb Code   152  hal_cm1.o(.emb_text)
    PendSV_Handler                           0x000001e5   Thumb Code    92  hal_cm1.o(.emb_text)
    SysTick_Handler                          0x00000245   Thumb Code     8  hal_cm1.o(.emb_text)
    OS_Tick_Handler                          0x0000024d   Thumb Code    12  hal_cm1.o(.emb_text)
    Reset_Handler                            0x00000259   Thumb Code     8  startup_lpc12xx.o(.text)
    HardFault_Handler                        0x00000261   Thumb Code     2  startup_lpc12xx.o(.text)
    ADC_IRQHandler                           0x00000269   Thumb Code     0  startup_lpc12xx.o(.text)
    BOD_IRQHandler                           0x00000269   Thumb Code     0  startup_lpc12xx.o(.text)
    COMP_IRQHandler                          0x00000269   Thumb Code     0  startup_lpc12xx.o(.text)
    DMA_IRQHandler                           0x00000269   Thumb Code     0  startup_lpc12xx.o(.text)
    I2C_IRQHandler                           0x00000269   Thumb Code     0  startup_lpc12xx.o(.text)
    NMI_Handler                              0x00000269   Thumb Code     0  startup_lpc12xx.o(.text)
    PIOINT0_IRQHandler                       0x00000269   Thumb Code     0  startup_lpc12xx.o(.text)
    PIOINT1_IRQHandler                       0x00000269   Thumb Code     0  startup_lpc12xx.o(.text)
    PIOINT2_IRQHandler                       0x00000269   Thumb Code     0  startup_lpc12xx.o(.text)
    RTC_IRQHandler                           0x00000269   Thumb Code     0  startup_lpc12xx.o(.text)
    SSP_IRQHandler                           0x00000269   Thumb Code     0  startup_lpc12xx.o(.text)
    TIMER16_0_IRQHandler                     0x00000269   Thumb Code     0  startup_lpc12xx.o(.text)
    TIMER16_1_IRQHandler                     0x00000269   Thumb Code     0  startup_lpc12xx.o(.text)
    TIMER32_1_IRQHandler                     0x00000269   Thumb Code     0  startup_lpc12xx.o(.text)
    WAKEUP_IRQHandler                        0x00000269   Thumb Code     0  startup_lpc12xx.o(.text)
    WDT_IRQHandler                           0x00000269   Thumb Code     0  startup_lpc12xx.o(.text)
    tsk_System_Initial                       0x00000275   Thumb Code    52  main.o(.text)
    Device_Init                              0x000002a9   Thumb Code    24  main.o(.text)
    main                                     0x000002c1   Thumb Code    26  main.o(.text)
    tsk_Led                                  0x00000301   Thumb Code   206  ledtask.o(.text)
    __RL_RTX_VER                             0x00000473   Number         0  rt_system.o ABSOLUTE
    tsk_MdbSlave                             0x00000499   Thumb Code   632  mdbslavetask.o(.text)
    tsk_ComHost                              0x00000765   Thumb Code  1326  comhosttask.o(.text)
    os_idle_demon                            0x00000cd5   Thumb Code     2  rtx_conf_cm.o(.text)
    os_tmr_call                              0x00000cd7   Thumb Code     2  rtx_conf_cm.o(.text)
    os_error                                 0x00000cd9   Thumb Code     2  rtx_conf_cm.o(.text)
    rt_init_robin                            0x00000cdb   Thumb Code     2  rtx_conf_cm.o(.text)
    rt_chk_robin                             0x00000cdd   Thumb Code     2  rtx_conf_cm.o(.text)
    rt_stk_check                             0x00000cdf   Thumb Code     2  rtx_conf_cm.o(.text)
    Timer_Stop_MdbSlave                      0x00000ce1   Thumb Code    28  time.o(.text)
    TIMER32_0_IRQHandler                     0x00000cfd   Thumb Code    56  time.o(.text)
    Timer_Init_MdbSlave                      0x00000d35   Thumb Code    58  time.o(.text)
    Timer_Start_MdbSlave                     0x00000d6f   Thumb Code    64  time.o(.text)
    Uart0_Bit9Set                            0x00000dc5   Thumb Code    26  uart.o(.text)
    Uart0_Bit9Get                            0x00000ddf   Thumb Code    20  uart.o(.text)
    Uart1_Bit9Set                            0x00000df3   Thumb Code    26  uart.o(.text)
    Uart1_Bit9Get                            0x00000e0d   Thumb Code    20  uart.o(.text)
    Uart0_BuffSetChar                        0x00000e21   Thumb Code    22  uart.o(.text)
    Uart0_BuffAddChar                        0x00000e37   Thumb Code    32  uart.o(.text)
    Uart0_BuffFill                           0x00000e57   Thumb Code    40  uart.o(.text)
    Uart1_BuffAddChar                        0x00000e7f   Thumb Code    34  uart.o(.text)
    Uart1_BuffFill                           0x00000ea1   Thumb Code    40  uart.o(.text)
    MdbSlave_Response                        0x00000ec9   Thumb Code    24  uart.o(.text)
    MdbSlave_Responses                       0x00000ee1   Thumb Code    46  uart.o(.text)
    MdbSlave_ReResponse                      0x00000f0f   Thumb Code    30  uart.o(.text)
    ComHost_Send                             0x00000f2d   Thumb Code    62  uart.o(.text)
    MdbSlave_Tx                              0x00000f6b   Thumb Code    80  uart.o(.text)
    ComHost_Tx                               0x00000fbb   Thumb Code    44  uart.o(.text)
    ComHost_Rx                               0x00000fe7   Thumb Code    80  uart.o(.text)
    MdbSlave_CheckFcc                        0x00001037   Thumb Code    54  uart.o(.text)
    MdbSlave_Rx                              0x0000106d   Thumb Code   436  uart.o(.text)
    ComHost_CheckFcc                         0x00001221   Thumb Code    52  uart.o(.text)
    UART_IRQHandler_ComHost                  0x00001255   Thumb Code    62  uart.o(.text)
    UART_IRQHandler_MdbSlave                 0x00001293   Thumb Code    74  uart.o(.text)
    UART0_IRQHandler                         0x000012dd   Thumb Code     2  uart.o(.text)
    UART1_IRQHandler                         0x000012df   Thumb Code     2  uart.o(.text)
    Cashless_SetupConfig_Init                0x000012e1   Thumb Code    46  uart.o(.text)
    Cashless_RequestId_Init                  0x0000130f   Thumb Code    66  uart.o(.text)
    Cashless_BeginSession_Init               0x00001351   Thumb Code    36  uart.o(.text)
    Uart_Init_VtsSlave                       0x00001375   Thumb Code   194  uart.o(.text)
    Uart_Init_ComHost                        0x00001437   Thumb Code   252  uart.o(.text)
    Uart_Init_ComSlave                       0x00001533   Thumb Code   284  uart.o(.text)
    Uart_Init_MdbHost                        0x0000164f   Thumb Code   262  uart.o(.text)
    Uart_Init_MdbSlave                       0x00001755   Thumb Code   244  uart.o(.text)
    MDB_Decimal_Place_Init                   0x00001849   Thumb Code   102  uart.o(.text)
    MDB_Address_Mode_Init                    0x000018af   Thumb Code    98  uart.o(.text)
    Uart_Mode_Init                           0x00001911   Thumb Code   144  uart.o(.text)
    GPIO_SetMask                             0x000019ed   Thumb Code     8  lpc12xx_gpio.o(.text)
    GPIO_GetPinValue                         0x000019f5   Thumb Code    10  lpc12xx_gpio.o(.text)
    GPIO_SetOutValue                         0x000019ff   Thumb Code     4  lpc12xx_gpio.o(.text)
    GPIO_SetHighLevel                        0x00001a03   Thumb Code    10  lpc12xx_gpio.o(.text)
    GPIO_SetLowLevel                         0x00001a0d   Thumb Code    10  lpc12xx_gpio.o(.text)
    GPIO_SetInvert                           0x00001a17   Thumb Code    10  lpc12xx_gpio.o(.text)
    GPIO_SetDir                              0x00001a21   Thumb Code    10  lpc12xx_gpio.o(.text)
    GPIO_GetDir                              0x00001a2b   Thumb Code    10  lpc12xx_gpio.o(.text)
    GPIO_IntSetType                          0x00001a35   Thumb Code    84  lpc12xx_gpio.o(.text)
    GPIO_IntSetMask                          0x00001a89   Thumb Code    10  lpc12xx_gpio.o(.text)
    GPIO_IntGetRawStatus                     0x00001a93   Thumb Code    10  lpc12xx_gpio.o(.text)
    GPIO_IntGetMaskStatus                    0x00001a9d   Thumb Code    10  lpc12xx_gpio.o(.text)
    GPIO_IntClear                            0x00001aa7   Thumb Code    10  lpc12xx_gpio.o(.text)
    IOCON_SetFunc                            0x00001af1   Thumb Code    72  lpc12xx_iocon.o(.text)
    IOCON_StructInit                         0x00001b39   Thumb Code    26  lpc12xx_iocon.o(.text)
    SYS_GetResetStatus                       0x00001b59   Thumb Code    10  lpc12xx_sysctrl.o(.text)
    SYS_SetMemMap                            0x00001b63   Thumb Code    10  lpc12xx_sysctrl.o(.text)
    SYS_SelectSystemPLLCLKSource             0x00001b6d   Thumb Code    28  lpc12xx_sysctrl.o(.text)
    SYS_ConfigSystemPLL                      0x00001b89   Thumb Code     2  lpc12xx_sysctrl.o(.text)
    SYS_SelectMainCLKSource                  0x00001b8b   Thumb Code    28  lpc12xx_sysctrl.o(.text)
    SYS_SetAHBClockDiv                       0x00001ba7   Thumb Code    10  lpc12xx_sysctrl.o(.text)
    SYS_ConfigAHBCLK                         0x00001bb1   Thumb Code    20  lpc12xx_sysctrl.o(.text)
    SYS_ConfigWDTOSC                         0x00001bc5   Thumb Code    32  lpc12xx_sysctrl.o(.text)
    SYS_ConfigCLKOUTCLK                      0x00001be5   Thumb Code    32  lpc12xx_sysctrl.o(.text)
    SYS_ResetPeripheral                      0x00001c05   Thumb Code    18  lpc12xx_sysctrl.o(.text)
    SYS_FlashOneCycleReadModeCmd             0x00001c17   Thumb Code    22  lpc12xx_sysctrl.o(.text)
    SYS_SetSSPClockDiv                       0x00001c2d   Thumb Code    10  lpc12xx_sysctrl.o(.text)
    SYS_SetUART0ClockDiv                     0x00001c37   Thumb Code    10  lpc12xx_sysctrl.o(.text)
    SYS_SetUART1ClockDiv                     0x00001c41   Thumb Code    10  lpc12xx_sysctrl.o(.text)
    SYS_SetGlitchFilter0ClockDiv             0x00001c4b   Thumb Code    10  lpc12xx_sysctrl.o(.text)
    SYS_SetGlitchFilter1ClockDiv             0x00001c55   Thumb Code    10  lpc12xx_sysctrl.o(.text)
    SYS_SetGlitchFilter2ClockDiv             0x00001c5f   Thumb Code    10  lpc12xx_sysctrl.o(.text)
    SYS_SetGlitchFilter3ClockDiv             0x00001c69   Thumb Code    10  lpc12xx_sysctrl.o(.text)
    SYS_SetGlitchFilter4ClockDiv             0x00001c73   Thumb Code     8  lpc12xx_sysctrl.o(.text)
    SYS_SetGlitchFilter5ClockDiv             0x00001c7b   Thumb Code     8  lpc12xx_sysctrl.o(.text)
    SYS_SetGlitchFilter6ClockDiv             0x00001c83   Thumb Code     8  lpc12xx_sysctrl.o(.text)
    SYS_ConfigDeepSleep                      0x00001c8b   Thumb Code    18  lpc12xx_sysctrl.o(.text)
    SYS_ConfigPowerDown                      0x00001c9d   Thumb Code    18  lpc12xx_sysctrl.o(.text)
    SYS_ConfigWakeUp                         0x00001caf   Thumb Code    18  lpc12xx_sysctrl.o(.text)
    SYS_NMIInterrupt                         0x00001cc1   Thumb Code     8  lpc12xx_sysctrl.o(.text)
    SYS_EnableStartLogic0                    0x00001cc9   Thumb Code    18  lpc12xx_sysctrl.o(.text)
    SYS_SetStartLogic0Edge                   0x00001cdb   Thumb Code    18  lpc12xx_sysctrl.o(.text)
    SYS_ResetStartLogic0                     0x00001ced   Thumb Code    10  lpc12xx_sysctrl.o(.text)
    SYS_EnableStartLogic1                    0x00001cf7   Thumb Code    18  lpc12xx_sysctrl.o(.text)
    SYS_SetStartLogic1Edge                   0x00001d09   Thumb Code    18  lpc12xx_sysctrl.o(.text)
    SYS_ResetStartLogic1                     0x00001d1b   Thumb Code    10  lpc12xx_sysctrl.o(.text)
    SYS_GetDeviceID                          0x00001d25   Thumb Code     6  lpc12xx_sysctrl.o(.text)
    TIM32_ConverUSecToVal                    0x00001d3d   Thumb Code    26  lpc12xx_timer32.o(.text)
    TIM32_GetIntStatus                       0x00001d57   Thumb Code    10  lpc12xx_timer32.o(.text)
    TIM32_GetIntStatusReg                    0x00001d61   Thumb Code     4  lpc12xx_timer32.o(.text)
    TIM32_ClearIntPendingBit                 0x00001d65   Thumb Code     8  lpc12xx_timer32.o(.text)
    TIM32_DeInit                             0x00001d6d   Thumb Code    34  lpc12xx_timer32.o(.text)
    TIM32_Init                               0x00001d8f   Thumb Code    90  lpc12xx_timer32.o(.text)
    TIM32_StructInit                         0x00001de9   Thumb Code    18  lpc12xx_timer32.o(.text)
    TIM32_ConfigMatch                        0x00001dfb   Thumb Code   164  lpc12xx_timer32.o(.text)
    TIM32_ConfigCapture                      0x00001e9f   Thumb Code    90  lpc12xx_timer32.o(.text)
    TIM32_ConfigPWM                          0x00001ef9   Thumb Code   156  lpc12xx_timer32.o(.text)
    TIM32_Cmd                                0x00001f95   Thumb Code    20  lpc12xx_timer32.o(.text)
    TIM32_ResetCounter                       0x00001fa9   Thumb Code    16  lpc12xx_timer32.o(.text)
    TIM32_GetTCValue                         0x00001fb9   Thumb Code     4  lpc12xx_timer32.o(.text)
    TIM32_GetCaptureValue                    0x00001fbd   Thumb Code    36  lpc12xx_timer32.o(.text)
    TIM32_ClearPWMOuptut                     0x00001fe1   Thumb Code    12  lpc12xx_timer32.o(.text)
    TIM32_ClearAllPWM                        0x00001fed   Thumb Code    10  lpc12xx_timer32.o(.text)
    UART_Init                                0x000020e9   Thumb Code    78  lpc12xx_uart.o(.text)
    UART_SetConfig                           0x00002137   Thumb Code    96  lpc12xx_uart.o(.text)
    UART_GetConfig                           0x00002197   Thumb Code    30  lpc12xx_uart.o(.text)
    UART_ConfigTXD                           0x000021b5   Thumb Code    18  lpc12xx_uart.o(.text)
    UART_Send                                0x000021c7   Thumb Code    60  lpc12xx_uart.o(.text)
    UART_Receive                             0x00002203   Thumb Code    44  lpc12xx_uart.o(.text)
    UART_GetLineStatus                       0x0000222f   Thumb Code     6  lpc12xx_uart.o(.text)
    UART_ConfigInts                          0x00002235   Thumb Code    42  lpc12xx_uart.o(.text)
    UART_GetINTStatus                        0x0000225f   Thumb Code    10  lpc12xx_uart.o(.text)
    UART_StartAutoBaud                       0x00002269   Thumb Code    36  lpc12xx_uart.o(.text)
    UART_ClearAutoBaud                       0x0000228d   Thumb Code     8  lpc12xx_uart.o(.text)
    SystemCoreClockUpdate                    0x000022c1   Thumb Code   252  system_lpc12xx.o(.text)
    SystemInit                               0x000023bd   Thumb Code   124  system_lpc12xx.o(.text)
    __aeabi_uidiv                            0x0000248d   Thumb Code     0  uidiv.o(.text)
    __aeabi_uidivmod                         0x0000248d   Thumb Code    44  uidiv.o(.text)
    __aeabi_uldivmod                         0x000024b9   Thumb Code    96  uldiv.o(.text)
    __aeabi_lmul                             0x00002519   Thumb Code   122  llmul.o(.text)
    _ll_mul                                  0x00002519   Thumb Code     0  llmul.o(.text)
    strncpy                                  0x00002593   Thumb Code    26  strncpy.o(.text)
    __aeabi_uread4                           0x000025ad   Thumb Code    20  uread4.o(.text)
    __rt_uread4                              0x000025ad   Thumb Code     0  uread4.o(.text)
    _uread4                                  0x000025ad   Thumb Code     0  uread4.o(.text)
    __aeabi_uwrite4                          0x000025c1   Thumb Code    18  uwrite4.o(.text)
    __rt_uwrite4                             0x000025c1   Thumb Code     0  uwrite4.o(.text)
    _uwrite4                                 0x000025c1   Thumb Code     0  uwrite4.o(.text)
    __aeabi_llsl                             0x000025d3   Thumb Code    32  llshl.o(.text)
    _ll_shift_l                              0x000025d3   Thumb Code     0  llshl.o(.text)
    __aeabi_llsr                             0x000025f3   Thumb Code    34  llushr.o(.text)
    _ll_ushift_r                             0x000025f3   Thumb Code     0  llushr.o(.text)
    __scatterload                            0x00002615   Thumb Code    28  init.o(.text)
    __scatterload_rt2                        0x00002615   Thumb Code     0  init.o(.text)
    SVC_Count                                0x00002638   Data           4  SVC_Table.o(SVC_TABLE)
    SVC_Table                                0x0000263c   Data           0  SVC_Table.o(SVC_TABLE)
    __ARM_common_switch8                     0x0000263d   Thumb Code    26  mdbslavetask.o(i.__ARM_common_switch8)
    __scatterload_copy                       0x00002657   Thumb Code    14  handlers.o(i.__scatterload_copy)
    __scatterload_null                       0x00002665   Thumb Code     2  handlers.o(i.__scatterload_null)
    __scatterload_zeroinit                   0x00002667   Thumb Code    14  handlers.o(i.__scatterload_zeroinit)
    _init_box                                0x00002675   Thumb Code    72  rt_membox.o(i._init_box)
    isr_sem_send                             0x000026bd   Thumb Code    14  rt_semaphore.o(i.isr_sem_send)
    os_tick_init                             0x000026cd   Thumb Code    32  rt_system.o(i.os_tick_init)
    os_tick_irqack                           0x000026f9   Thumb Code     2  rt_system.o(i.os_tick_irqack)
    rt_alloc_box                             0x000026fb   Thumb Code    30  rt_membox.o(i.rt_alloc_box)
    rt_block                                 0x00002719   Thumb Code    42  rt_task.o(i.rt_block)
    rt_dec_dly                               0x00002751   Thumb Code   112  rt_list.o(i.rt_dec_dly)
    rt_dispatch                              0x000027c9   Thumb Code    56  rt_task.o(i.rt_dispatch)
    rt_dly_wait                              0x00002809   Thumb Code    10  rt_time.o(i.rt_dly_wait)
    rt_evt_psh                               0x00002815   Thumb Code    70  rt_event.o(i.rt_evt_psh)
    rt_free_box                              0x00002861   Thumb Code    38  rt_membox.o(i.rt_free_box)
    rt_get_first                             0x00002887   Thumb Code    42  rt_list.o(i.rt_get_first)
    rt_init_stack                            0x000028f9   Thumb Code    68  hal_cm1.o(i.rt_init_stack)
    rt_mbx_psh                               0x00002945   Thumb Code   168  rt_mailbox.o(i.rt_mbx_psh)
    rt_pop_req                               0x000029f1   Thumb Code   100  rt_system.o(i.rt_pop_req)
    rt_psh_req                               0x00002a61   Thumb Code    24  rt_system.o(i.rt_psh_req)
    rt_psq_enq                               0x00002a81   Thumb Code    60  rt_list.o(i.rt_psq_enq)
    rt_put_dly                               0x00002ac1   Thumb Code    74  rt_list.o(i.rt_put_dly)
    rt_put_prio                              0x00002b11   Thumb Code    60  rt_list.o(i.rt_put_prio)
    rt_put_rdy_first                         0x00002b4d   Thumb Code    14  rt_list.o(i.rt_put_rdy_first)
    rt_rmv_dly                               0x00002b61   Thumb Code    42  rt_list.o(i.rt_rmv_dly)
    rt_rmv_list                              0x00002b8d   Thumb Code    46  rt_list.o(i.rt_rmv_list)
    rt_sem_init                              0x00002bc1   Thumb Code    12  rt_semaphore.o(i.rt_sem_init)
    rt_sem_psh                               0x00002bcd   Thumb Code    46  rt_semaphore.o(i.rt_sem_psh)
    rt_sem_wait                              0x00002c01   Thumb Code    64  rt_semaphore.o(i.rt_sem_wait)
    rt_switch_req                            0x00002c45   Thumb Code    10  rt_task.o(i.rt_switch_req)
    rt_sys_init                              0x00002c55   Thumb Code   230  rt_task.o(i.rt_sys_init)
    rt_systick                               0x00002d8d   Thumb Code    48  rt_system.o(i.rt_systick)
    rt_tmr_tick                              0x00002dc9   Thumb Code    56  rt_timer.o(i.rt_tmr_tick)
    rt_tsk_create                            0x00002e09   Thumb Code   108  rt_task.o(i.rt_tsk_create)
    rt_tsk_delete                            0x00002e85   Thumb Code   294  rt_task.o(i.rt_tsk_delete)
    p8_Ack                                   0x00002fc4   Data           1  mdbslavetask.o(.constdata)
    p8_Session_Cancel                        0x00002fc5   Data           1  mdbslavetask.o(.constdata)
    p8_Session_End                           0x00002fc6   Data           1  mdbslavetask.o(.constdata)
    p8_Vend_Denied                           0x00002fc7   Data           1  mdbslavetask.o(.constdata)
    p8_Mulfunction                           0x00002fc8   Data           2  mdbslavetask.o(.constdata)
    p8_Mulfunction_mPay                      0x00002fca   Data           2  mdbslavetask.o(.constdata)
    os_maxtaskrun                            0x00002fcc   Data           2  rtx_conf_cm.o(.constdata)
    os_stackinfo                             0x00002fd0   Data           4  rtx_conf_cm.o(.constdata)
    os_trv                                   0x00002fd4   Data           4  rtx_conf_cm.o(.constdata)
    os_flags                                 0x00002fd8   Data           1  rtx_conf_cm.o(.constdata)
    os_clockrate                             0x00002fdc   Data           4  rtx_conf_cm.o(.constdata)
    os_timernum                              0x00002fe0   Data           4  rtx_conf_cm.o(.constdata)
    mp_tcb_size                              0x00002fe4   Data           2  rtx_conf_cm.o(.constdata)
    mp_stk_size                              0x00002fe8   Data           4  rtx_conf_cm.o(.constdata)
    os_fifo_size                             0x00002fec   Data           1  rtx_conf_cm.o(.constdata)
    mp_tmr_size                              0x00002fee   Data           2  rtx_conf_cm.o(.constdata)
    RL_RTX_Version                           0x00002ff0   Data           4  rt_system.o(.constdata)
    Region$$Table$$Base                      0x00002ff4   Number         0  anon$$obj.o(Region$$Table)
    Region$$Table$$Limit                     0x00003014   Number         0  anon$$obj.o(Region$$Table)
    tid_MdbSlave                             0x10000000   Data           4  main.o(.data)
    tid_ComHost                              0x10000004   Data           4  main.o(.data)
    u32_CardId                               0x10000008   Data           4  main.o(.data)
    u32_Funds                                0x1000000c   Data           4  main.o(.data)
    bl_CardAction                            0x10000010   Data           4  main.o(.data)
    bl_Flag_Vend_Request                     0x10000014   Data           4  main.o(.data)
    bl_Flag_QRcode_Request                   0x10000018   Data           4  main.o(.data)
    bl_Flag_MPAY_Done                        0x1000001c   Data           4  main.o(.data)
    t16_ItemPrice                            0x10000020   Data           2  main.o(.data)
    t16_ItemNuber                            0x10000022   Data           2  main.o(.data)
    sem_MdbSlave_Rx                          0x10000024   Data           8  main.o(.data)
    sem_ComHost_Rx                           0x1000002c   Data           8  main.o(.data)
    p_CardPoll                               0x10000034   Data           2  main.o(.data)
    p_VendApproved                           0x10000036   Data           3  main.o(.data)
    p_CancelResult                           0x10000039   Data           2  main.o(.data)
    m_tmr                                    0x1000003c   Data           4  rtx_conf_cm.o(.data)
    u8_Uart0_State                           0x10000042   Data           1  uart.o(.data)
    u8_Uart1_State                           0x10000043   Data           1  uart.o(.data)
    u8_ComHost_State                         0x10000044   Data           1  uart.o(.data)
    u8_WorkMode                              0x10000045   Data           1  uart.o(.data)
    u8_MdbAddr_Mode                          0x10000046   Data           1  uart.o(.data)
    u8_DecimalPoint_Mode                     0x10000047   Data           1  uart.o(.data)
    pCashlessSetup                           0x1000004c   Data           8  uart.o(.data)
    u8_MdbSlave_State                        0x10000054   Data           1  uart.o(.data)
    SystemCoreClock                          0x10000058   Data           4  system_lpc12xx.o(.data)
    MainClock                                0x1000005c   Data           4  system_lpc12xx.o(.data)
    os_tsk                                   0x10000060   Data           8  rt_task.o(.data)
    os_time                                  0x10000068   Data           4  rt_time.o(.data)
    os_tick_irqn                             0x10000070   Data           4  rt_system.o(.data)
    os_tmr                                   0x10000074   Data           8  rt_timer.o(.data)
    p_MyPeripheral                           0x1000007c   Data          34  main.o(.bss)
    p_BeginSession                           0x1000009e   Data          10  main.o(.bss)
    p_CardDebit                              0x100000a8   Data          10  main.o(.bss)
    p_VendResult                             0x100000b2   Data           9  main.o(.bss)
    mp_tcb                                   0x100000bc   Data         252  rtx_conf_cm.o(.bss)
    mp_stk                                   0x100001b8   Data        3088  rtx_conf_cm.o(.bss)
    os_fifo                                  0x10000dc8   Data         132  rtx_conf_cm.o(.bss)
    os_active_TCB                            0x10000e4c   Data          20  rtx_conf_cm.o(.bss)
    Uart0RxBuff                              0x10000e60   Data          38  uart.o(.bss)
    Uart0TxBuff                              0x10000e86   Data          40  uart.o(.bss)
    Uart1RxBuff                              0x10000eae   Data          38  uart.o(.bss)
    Uart1TxBuff                              0x10000ed4   Data          40  uart.o(.bss)
    os_idle_TCB                              0x10000f14   Data          56  rt_task.o(.bss)
    os_rdy                                   0x10000f4c   Data          24  rt_list.o(.bss)
    os_dly                                   0x10000f64   Data          24  rt_list.o(.bss)
    __initial_sp                             0x10001180   Data           0  startup_lpc12xx.o(STACK)



==============================================================================

Memory Map of the image

  Image Entry point : 0x000000bd

  Load Region LR_IROM1 (Base: 0x00000000, Size: 0x00003090, Max: 0x00014000, ABSOLUTE)

    Execution Region ER_IROM1 (Base: 0x00000000, Size: 0x00003014, Max: 0x00014000, ABSOLUTE)

    Base Addr    Size         Type   Attr      Idx    E Section Name        Object

    0x00000000   0x000000bc   Data   RO            3    RESET               startup_lpc12xx.o
    0x000000bc   0x00000000   Code   RO         1055  * .ARM.Collect$$$$00000000  mc_p.l(entry.o)
    0x000000bc   0x00000004   Code   RO         1070    .ARM.Collect$$$$00000001  mc_p.l(entry2.o)
    0x000000c0   0x00000004   Code   RO         1073    .ARM.Collect$$$$00000004  mc_p.l(entry5.o)
    0x000000c4   0x00000000   Code   RO         1075    .ARM.Collect$$$$00000008  mc_p.l(entry7b.o)
    0x000000c4   0x00000000   Code   RO         1077    .ARM.Collect$$$$0000000A  mc_p.l(entry8b.o)
    0x000000c4   0x00000008   Code   RO         1078    .ARM.Collect$$$$0000000B  mc_p.l(entry9a.o)
    0x000000cc   0x00000000   Code   RO         1080    .ARM.Collect$$$$0000000D  mc_p.l(entry10a.o)
    0x000000cc   0x00000000   Code   RO         1082    .ARM.Collect$$$$0000000F  mc_p.l(entry11a.o)
    0x000000cc   0x00000004   Code   RO         1071    .ARM.Collect$$$$00002712  mc_p.l(entry2.o)
    0x000000d0   0x00000188   Code   RO          700    .emb_text           RTX_CM1.LIB(hal_cm1.o)
    0x00000258   0x0000001c   Code   RO            5    .text               startup_lpc12xx.o
    0x00000274   0x00000088   Code   RO           15    .text               main.o
    0x000002fc   0x00000004   Code   RO            4    .ARM.__at_0x02FC    startup_lpc12xx.o
    0x00000300   0x00000198   Code   RO          136    .text               ledtask.o
    0x00000498   0x000002cc   Code   RO          177    .text               mdbslavetask.o
    0x00000764   0x00000570   Code   RO          217    .text               comhosttask.o
    0x00000cd4   0x0000000c   Code   RO          241    .text               rtx_conf_cm.o
    0x00000ce0   0x000000e4   Code   RO          278    .text               time.o
    0x00000dc4   0x00000c28   Code   RO          312    .text               uart.o
    0x000019ec   0x00000102   Code   RO          348    .text               lpc12xx_gpio.o
    0x00001aee   0x00000002   PAD
    0x00001af0   0x00000068   Code   RO          402    .text               lpc12xx_iocon.o
    0x00001b58   0x000001e4   Code   RO          436    .text               lpc12xx_sysctrl.o
    0x00001d3c   0x000002d0   Code   RO          462    .text               lpc12xx_timer32.o
    0x0000200c   0x000002b4   Code   RO          482    .text               lpc12xx_uart.o
    0x000022c0   0x000001cc   Code   RO          504    .text               system_lpc12xx.o
    0x0000248c   0x0000002c   Code   RO         1058    .text               mc_p.l(uidiv.o)
    0x000024b8   0x00000060   Code   RO         1060    .text               mc_p.l(uldiv.o)
    0x00002518   0x0000007a   Code   RO         1062    .text               mc_p.l(llmul.o)
    0x00002592   0x0000001a   Code   RO         1064    .text               mc_p.l(strncpy.o)
    0x000025ac   0x00000014   Code   RO         1066    .text               mc_p.l(uread4.o)
    0x000025c0   0x00000012   Code   RO         1068    .text               mc_p.l(uwrite4.o)
    0x000025d2   0x00000020   Code   RO         1084    .text               mc_p.l(llshl.o)
    0x000025f2   0x00000022   Code   RO         1086    .text               mc_p.l(llushr.o)
    0x00002614   0x00000024   Code   RO         1088    .text               mc_p.l(init.o)
    0x00002638   0x00000004   Code   RO          914    SVC_TABLE           RTX_CM1.LIB(SVC_Table.o)
    0x0000263c   0x0000001a   Code   RO          196    i.__ARM_common_switch8  mdbslavetask.o
    0x00002656   0x0000000e   Code   RO         1092    i.__scatterload_copy  mc_p.l(handlers.o)
    0x00002664   0x00000002   Code   RO         1093    i.__scatterload_null  mc_p.l(handlers.o)
    0x00002666   0x0000000e   Code   RO         1094    i.__scatterload_zeroinit  mc_p.l(handlers.o)
    0x00002674   0x00000048   Code   RO          885    i._init_box         RTX_CM1.LIB(rt_membox.o)
    0x000026bc   0x0000000e   Code   RO          627    i.isr_sem_send      RTX_CM1.LIB(rt_semaphore.o)
    0x000026ca   0x00000002   PAD
    0x000026cc   0x0000002c   Code   RO          721    i.os_tick_init      RTX_CM1.LIB(rt_system.o)
    0x000026f8   0x00000002   Code   RO          722    i.os_tick_irqack    RTX_CM1.LIB(rt_system.o)
    0x000026fa   0x0000001e   Code   RO          886    i.rt_alloc_box      RTX_CM1.LIB(rt_membox.o)
    0x00002718   0x00000038   Code   RO          528    i.rt_block          RTX_CM1.LIB(rt_task.o)
    0x00002750   0x00000078   Code   RO          805    i.rt_dec_dly        RTX_CM1.LIB(rt_list.o)
    0x000027c8   0x00000040   Code   RO          529    i.rt_dispatch       RTX_CM1.LIB(rt_task.o)
    0x00002808   0x0000000a   Code   RO          667    i.rt_dly_wait       RTX_CM1.LIB(rt_time.o)
    0x00002812   0x00000002   PAD
    0x00002814   0x0000004c   Code   RO          920    i.rt_evt_psh        RTX_CM1.LIB(rt_event.o)
    0x00002860   0x00000026   Code   RO          887    i.rt_free_box       RTX_CM1.LIB(rt_membox.o)
    0x00002886   0x0000002a   Code   RO          806    i.rt_get_first      RTX_CM1.LIB(rt_list.o)
    0x000028b0   0x00000048   Code   RO          530    i.rt_init_context   RTX_CM1.LIB(rt_task.o)
    0x000028f8   0x0000004c   Code   RO          701    i.rt_init_stack     RTX_CM1.LIB(hal_cm1.o)
    0x00002944   0x000000ac   Code   RO          963    i.rt_mbx_psh        RTX_CM1.LIB(rt_mailbox.o)
    0x000029f0   0x00000070   Code   RO          723    i.rt_pop_req        RTX_CM1.LIB(rt_system.o)
    0x00002a60   0x00000020   Code   RO          724    i.rt_psh_req        RTX_CM1.LIB(rt_system.o)
    0x00002a80   0x00000040   Code   RO          808    i.rt_psq_enq        RTX_CM1.LIB(rt_list.o)
    0x00002ac0   0x00000050   Code   RO          809    i.rt_put_dly        RTX_CM1.LIB(rt_list.o)
    0x00002b10   0x0000003c   Code   RO          810    i.rt_put_prio       RTX_CM1.LIB(rt_list.o)
    0x00002b4c   0x00000014   Code   RO          811    i.rt_put_rdy_first  RTX_CM1.LIB(rt_list.o)
    0x00002b60   0x0000002a   Code   RO          813    i.rt_rmv_dly        RTX_CM1.LIB(rt_list.o)
    0x00002b8a   0x00000002   PAD
    0x00002b8c   0x00000034   Code   RO          814    i.rt_rmv_list       RTX_CM1.LIB(rt_list.o)
    0x00002bc0   0x0000000c   Code   RO          628    i.rt_sem_init       RTX_CM1.LIB(rt_semaphore.o)
    0x00002bcc   0x00000034   Code   RO          629    i.rt_sem_psh        RTX_CM1.LIB(rt_semaphore.o)
    0x00002c00   0x00000044   Code   RO          631    i.rt_sem_wait       RTX_CM1.LIB(rt_semaphore.o)
    0x00002c44   0x00000010   Code   RO          531    i.rt_switch_req     RTX_CM1.LIB(rt_task.o)
    0x00002c54   0x00000138   Code   RO          532    i.rt_sys_init       RTX_CM1.LIB(rt_task.o)
    0x00002d8c   0x0000003c   Code   RO          728    i.rt_systick        RTX_CM1.LIB(rt_system.o)
    0x00002dc8   0x00000040   Code   RO         1009    i.rt_tmr_tick       RTX_CM1.LIB(rt_timer.o)
    0x00002e08   0x0000007c   Code   RO          533    i.rt_tsk_create     RTX_CM1.LIB(rt_task.o)
    0x00002e84   0x00000140   Code   RO          534    i.rt_tsk_delete     RTX_CM1.LIB(rt_task.o)
    0x00002fc4   0x00000008   Data   RO          178    .constdata          mdbslavetask.o
    0x00002fcc   0x00000002   Data   RO          246    .constdata          rtx_conf_cm.o
    0x00002fce   0x00000002   PAD
    0x00002fd0   0x00000004   Data   RO          247    .constdata          rtx_conf_cm.o
    0x00002fd4   0x00000004   Data   RO          249    .constdata          rtx_conf_cm.o
    0x00002fd8   0x00000001   Data   RO          250    .constdata          rtx_conf_cm.o
    0x00002fd9   0x00000003   PAD
    0x00002fdc   0x00000008   Data   RO          251    .constdata          rtx_conf_cm.o
    0x00002fe4   0x00000002   Data   RO          252    .constdata          rtx_conf_cm.o
    0x00002fe6   0x00000002   PAD
    0x00002fe8   0x00000004   Data   RO          253    .constdata          rtx_conf_cm.o
    0x00002fec   0x00000001   Data   RO          254    .constdata          rtx_conf_cm.o
    0x00002fed   0x00000001   PAD
    0x00002fee   0x00000002   Data   RO          255    .constdata          rtx_conf_cm.o
    0x00002ff0   0x00000004   Data   RO          731    .constdata          RTX_CM1.LIB(rt_system.o)
    0x00002ff4   0x00000020   Data   RO         1090    Region$$Table       anon$$obj.o


    Execution Region RW_IRAM1 (Base: 0x10000000, Size: 0x00001180, Max: 0x00002000, ABSOLUTE)

    Base Addr    Size         Type   Attr      Idx    E Section Name        Object

    0x10000000   0x00000008   Data   RW           20    .data               main.o
    0x10000008   0x00000004   Data   RW           24    .data               main.o
    0x1000000c   0x00000004   Data   RW           25    .data               main.o
    0x10000010   0x00000004   Data   RW           26    .data               main.o
    0x10000014   0x00000004   Data   RW           27    .data               main.o
    0x10000018   0x00000004   Data   RW           28    .data               main.o
    0x1000001c   0x00000004   Data   RW           29    .data               main.o
    0x10000020   0x00000002   Data   RW           30    .data               main.o
    0x10000022   0x00000002   Data   RW           31    .data               main.o
    0x10000024   0x00000008   Data   RW           32    .data               main.o
    0x1000002c   0x00000008   Data   RW           39    .data               main.o
    0x10000034   0x00000002   Data   RW           41    .data               main.o
    0x10000036   0x00000003   Data   RW           42    .data               main.o
    0x10000039   0x00000002   Data   RW           43    .data               main.o
    0x1000003b   0x00000001   PAD
    0x1000003c   0x00000004   Data   RW          256    .data               rtx_conf_cm.o
    0x10000040   0x00000014   Data   RW          314    .data               uart.o
    0x10000054   0x00000001   Data   RW          319    .data               uart.o
    0x10000055   0x00000003   PAD
    0x10000058   0x00000008   Data   RW          505    .data               system_lpc12xx.o
    0x10000060   0x00000008   Data   RW          539    .data               RTX_CM1.LIB(rt_task.o)
    0x10000068   0x00000004   Data   RW          671    .data               RTX_CM1.LIB(rt_time.o)
    0x1000006c   0x00000008   Data   RW          732    .data               RTX_CM1.LIB(rt_system.o)
    0x10000074   0x00000008   Data   RW         1010    .data               RTX_CM1.LIB(rt_timer.o)
    0x1000007c   0x00000022   Zero   RW           16    .bss                main.o
    0x1000009e   0x0000000a   Zero   RW           17    .bss                main.o
    0x100000a8   0x0000000a   Zero   RW           18    .bss                main.o
    0x100000b2   0x00000009   Zero   RW           19    .bss                main.o
    0x100000bb   0x00000001   PAD
    0x100000bc   0x000000fc   Zero   RW          242    .bss                rtx_conf_cm.o
    0x100001b8   0x00000c10   Zero   RW          243    .bss                rtx_conf_cm.o
    0x10000dc8   0x00000084   Zero   RW          244    .bss                rtx_conf_cm.o
    0x10000e4c   0x00000014   Zero   RW          245    .bss                rtx_conf_cm.o
    0x10000e60   0x0000009c   Zero   RW          313    .bss                uart.o
    0x10000efc   0x00000018   Zero   RW          483    .bss                lpc12xx_uart.o
    0x10000f14   0x00000038   Zero   RW          538    .bss                RTX_CM1.LIB(rt_task.o)
    0x10000f4c   0x00000030   Zero   RW          815    .bss                RTX_CM1.LIB(rt_list.o)
    0x10000f7c   0x00000004   PAD
    0x10000f80   0x00000200   Zero   RW            1    STACK               startup_lpc12xx.o


==============================================================================

Image component sizes


      Code (inc. data)   RO Data    RW Data    ZI Data      Debug   Object Name

      1392        154          0          0          0       2102   comhosttask.o
       408         20          0          0          0       8974   ledtask.o
       258          8          0          0          0      35048   lpc12xx_gpio.o
       104          6          0          0          0       1005   lpc12xx_iocon.o
       484         18          0          0          0      13624   lpc12xx_sysctrl.o
       720         22          0          0          0       5012   lpc12xx_timer32.o
       692         30          0          0         24       5783   lpc12xx_uart.o
       136         34          0         59         63      46144   main.o
       742        104          8          0          0      11964   mdbslavetask.o
        12          0         28          4       3492       9192   rtx_conf_cm.o
        32         14        188          0        512        732   startup_lpc12xx.o
       460        102          0          8          0       1191   system_lpc12xx.o
       228         22          0          0          0       7342   time.o
      3112        176          0         21        156      12227   uart.o

    ----------------------------------------------------------------------
      8782        710        264         96       4248     160340   Object Totals
         0          0         32          0          0          0   (incl. Generated)
         2          0          8          4          1          0   (incl. Padding)

    ----------------------------------------------------------------------

      Code (inc. data)   RO Data    RW Data    ZI Data      Debug   Library Member Name

         4          4          0          0          0        140   SVC_Table.o
       468         50          0          0          0       1304   hal_cm1.o
        76          6          0          0          0        477   rt_event.o
       480         30          0          0         48       6144   rt_list.o
       172          4          0          0          0        553   rt_mailbox.o
       140          0          0          0          0       1509   rt_membox.o
       146         10          0          0          0       1764   rt_semaphore.o
       250         44          4          8          0       2927   rt_system.o
       964        156          0          8         56       6242   rt_task.o
        10          0          0          4          0        524   rt_time.o
        64          8          0          8          0        575   rt_timer.o
         0          0          0          0          0          0   entry.o
         0          0          0          0          0          0   entry10a.o
         0          0          0          0          0          0   entry11a.o
         8          4          0          0          0          0   entry2.o
         4          0          0          0          0          0   entry5.o
         0          0          0          0          0          0   entry7b.o
         0          0          0          0          0          0   entry8b.o
         8          4          0          0          0          0   entry9a.o
        30          0          0          0          0          0   handlers.o
        36          8          0          0          0         68   init.o
       122          0          0          0          0         84   llmul.o
        32          0          0          0          0         68   llshl.o
        34          0          0          0          0         68   llushr.o
        26          0          0          0          0         68   strncpy.o
        44          0          0          0          0         72   uidiv.o
        96          0          0          0          0         84   uldiv.o
        20          0          0          0          0         60   uread4.o
        18          0          0          0          0         60   uwrite4.o

    ----------------------------------------------------------------------
      3258        328          4         28        108      22791   Library Totals
         6          0          0          0          4          0   (incl. Padding)

    ----------------------------------------------------------------------

      Code (inc. data)   RO Data    RW Data    ZI Data      Debug   Library Name

      2774        312          4         28        104      22159   RTX_CM1.LIB
       478         16          0          0          0        632   mc_p.l

    ----------------------------------------------------------------------
      3258        328          4         28        108      22791   Library Totals

    ----------------------------------------------------------------------

==============================================================================


      Code (inc. data)   RO Data    RW Data    ZI Data      Debug   

     12040       1038        268        124       4356     180123   Grand Totals
     12040       1038        268        124       4356     180123   ELF Image Totals
     12040       1038        268        124          0          0   ROM Totals

==============================================================================

    Total RO  Size (Code + RO Data)                12308 (  12.02kB)
    Total RW  Size (RW Data + ZI Data)              4480 (   4.38kB)
    Total ROM Size (Code + RO Data + RW Data)      12432 (  12.14kB)

==============================================================================

