<html>
<body>
<pre>
<h1>µVision Build Log</h1>
<h2>Project:</h2>
D:\Develop\gibhub\MDB_BillValidator\BillValidator\Keil\MDBmPayV3.uvproj
Project File Date:  09/02/2017

<h2>Output:</h2>
Build target 'MDBmPay'
compiling MdbSlaveTask.c...
linking...
Program Size: Code=12324 RO-data=268 RW-data=132 ZI-data=4420  
FromELF: creating hex file...
".\obj\MDBmPayV3.axf" - 0 Error(s), 0 Warning(s).
</pre>
</body>
</html>
ator\\Keil\\obj\\MDBmPayV3.axf" 
Cannot access Memory
Cannot access Memory
Erase Failed!
Cannot access Memory
Error: Flash Download failed  -  "Cortex-M0"
Load "D:\\Develop\\gibhub\\MDB_BillValidator\\BillValidator\\Keil\\obj\\MDBmPayV3.axf" 
Erase Done.
Programming Done.
Verify OK.
